MMMMMMMMMMMMMMMMMMMMMMMMMMTTTTTTTTMMMMMMMMMMMMMMTTTTTTTTTMMMMMMMMMMMMMMMMMMMMMMMMMMMMMMMMMMMMMMMMMMMMMMMMMMMMMMMMMMMMMMMMMMMMMMMMMMMMMMMMMMMMMMMMMMMMMMMMMMMMMMMMMMMMMMMMMMMMMMMMMMMMMMMMMMMMMMMMMMMMMMMMMMMMMMMMMMMMMMMMMMMMMMMMMMMMMMMMMMMMMMMMMMMMMMMMMMMMMMMMMMMMMMMMMMMMMMMMMMMMMMMMMMMMMMMMMMMMM
MMMMMMMMMMMMMMMMMMMMMMMMMMTTTTTTTTTTTTTTTTTTTTTTTTTTTTTTTMMMMMMMMMMMMMMMMMMMMMMMMMMMMMMMMMMMMMMMMMMMMMMMMMMMMMMMMMMMMMMMMMMMMMMMMMMMMMMMMMMMMMMMMMMMMMMMMMMMMMMMMMMMMMMMMMMMMMMMMMMMMMMMMMMMMMMMMMMMMMMMMMMMMMMMMMMMMMMMMMMMMMMMMMMMMMMMMMMMMMMMMMMMMMMMMMMMMMMMMMMMMMMMMMMMMMMMMMMMMMMMMMMMMMMMMMMMMM
MMMMMMMMMMMMMMMMMMMMMMMMMMTTTTTTTTTTTTTTTTTTTTTTTTTTTTTTTMMMMMMMMMMMMMMMMMMMMMMMMMMMMMMMMMMMMMMMMMMMMMMMMMMMMMMMMMMMMMMMMMMMMMMMMMMMMMMMMMMMMMMMMMMMMMMMMMMMMMMMMMMMMMMMMMMMMMMMMMMMMMMMMMMMMMMMMMMMMMMMMMMMMMMMMMMMMMMMMMMMMMMMMMMMMMMMMMMMMMMMMMMMMMMMMMMMMMMMMMMMMMMMMMMMMMMMMMMMMMMMMMMMMMMMMMMMMM
MMMMMMMMMMMMMMMMMMMMMMMMMMTTTTTTTTTTTTTTTTTTTTTTTTTTTTTTTMMMMMMMMMMMMMMMMMMMMMMMMMMMMMMMMMMMMMMMMMMMMMMMMMMMMMMMMMMMMMMMMMMMMMMMMMMMMMMMMMMMMMMMMMMMMMMMMMMMMMMMMMMMMMMMMMMMMMMMMMMMMMMMMMMMMMMMMMMMMMMMMMMMMMMMMMMMMMMMMMMMMMMMMMMMMMMMMMMMMMMMMMMMMMMMMMMMMMMMMMMMMMMMMMMMMMMMMMMMMMMMMMMMMMMMMMMMMM
MMMMMMMMMMMMMMMMMMMMMMMMMMTTTTTTTTTTTTTTTTTTT.TTTTTTTTTTTMMMMMMMMMMMMMMMMMMMMMMMMMMMMMMMMMMMMMMMMMMMMMMMMMMMMMMMMMMMMMMMMMMMMMMMMMMMMMMMMMMMMMMMMMMMMMMMMMMMMMMMMMMMMMMMMMMMMMMMMMMMMMMMMMMMMMMMMMMMMMMMMMMMMMMMMMMMMMMMMMMMMMMMMMMMMMMMMMMMMMMMMMMMMMMMMMMMMMMMMMMMMMMMMMMMMMMMMMMMMMMMMMMMMMMMMMMMMM
MMMMMMMMMMMMMMMMMMMMMMMMMTTTTTTTTT..TTTTTTTTT...TTTTTTTTTMMMMMMMMMMMMMMMMMMMMMMMMMMMMMMMMMMMMMMMMMMMMMMMMMMMMMMMMMMMMMMMMMMMMMMMMMMMMMMMMMMMMMMMMMMMMMMMMMMMMMMMMMMMMMMMMMMMMMMMMMMMMMMMMMMMMMMMMMMMMMMMMMMMMMMMMMMMMMMMMMMMMMMMMMMMMMMMMMMMMMMMMMMMMMMMMMMMMMMMMMMMMMMMMMMMMMMMMMMMMMMMMMMMMMMMMMMMMM
MMMMMMMMMMMMMMMMMMMMMMMMMTTTTTTTT...TTTTTTTTT...TTTTTTTTTMMMMMMMMMMMMMMMMMMMMMMMMMMMMMMMMMMMMMMMMMMMMMMMMMMMMMMMMMMMMMMMMMMMMMMMMMMMMMMMMMMMMMMMMMMMMMMMMMMMMMMMMMMMMMMMMMMMMMMMMMMMMMMMMMMMMMMMMMMMMMMMMMMMMMMMMMMMMMMMMMMMMMMMMMMMMMMMMMMMMMMMMMMMMMMMMMMMMMMMMMMMMMMMMMMMMMMMMMMMMMMMMMMMMMMMMMMMMM
MMMMMMMMMMMMMMMMMMMMMMMMMTTTTTTTT...TTTTTTTTT......TTTTTTMMMMMMMMMMMMMMMMMMMMMMMMMMMMMMMMMMMMMMMMMMMMMMMMMMMMMMMMMMMMMMMMMMMMMMMMMMMMMMMMMMMMMMMMMMMMMMMMMMMMMMMMMMMMMMMMMMMMMMMMMMMMMMMMMMMMMMMMMMMMMMMMMMMMMMMMMMMMMMMMMMMMMMMMMMMMMMMMMMMMMMMMMMMMMMMMMMMMMMMMMMMMMMMMMMMMMMMMMMMMMMMMMMMMMMMMMMMMM
MMMMMMMMMMMMMMMMMMMMMMMMMTTTTT......TTTTTTTTT....TTTTTTTTMMMMMMMMMMMMMMMMMMMMMMMMMMMMMMMMMMMMMMMMMMMMMMMMMMMMMMMMMMMMMMMMMMMMMMMMMMMMMMMMMMMMMMMMMMMMMMMMMMMMMMMMMMMMMMMMMMMMMMMMMMMMMMMMMMMMMMMMMMMMMMMMMMMMMMMMMMMMMMMMMMMMMMMMMMMMMMMMMMMMMMMMMMMMMMMMMMMMMMMMMMMMMMMMMMMMMMMMMMMMMMMMMMMMMMMMMMMMM
MMMMMMMMMMMMMMMMMMMMMMMMMTTTTT......TTTTTTTTT....TTTTTTTMMMMMMMMMMMMMMMMMMMMMMMMMMMMMMMMMMMMMMMMMMMMMMMMMMMMMMMMMMMMMMMMMMMMMMMMMMMMMMMMMMMMMMMMMMMMMMMMMMMMMMMMMMMMMMMMMMMMMMMMMMMMMMMMMMMMMMMMMMMMMMMMMMMMMMMMMMMMMMMMMMMMMMMMMMMMMMMMMMMMMMMMMMMMMMMMMMMMMMMMMMMMMMMMMMMMMMMMMMMMMMMMMMMMMMMMMMMMMM
MMMMMMMMMMMMMMMMMMMMMMMMMTTTTT.......TTTTTTT...TTTTTTTTTMMMMMMMMMMMMMMMMMMMMMMMMMMMMMMMMMMMMMMMMMMMMMMMMMMMMMMMMMMMMMMMMMMMMMMMMMMMMMMMMMMMMMMMMMMMMMMMMMMMMMMMMMMMMMMMMMMMMMMMMMMMMMMMMMMMMMMMMMMMMMMMMMMMMMMMMMMMMMMMMMMMMMMMMMMMMMMMMMMMMMMMMMMMMMMMMMMMMMMMMMMMMMMMMMMMMMMMMMMMMMMMMMMMMMMMMMMMMMM
MMMMMMMMMMMMMMMMMMMMMMMMTTTTTT...TTT...TTTT....TTT.TTTTTTMMMMMMMMMMMMMMMMMMMMMMMMMMMMMMMMMMMMMMMMMMMMMMMMMMMMMMMMMMMMMMMMMMMMMMMMMMMMMMMMMMMMMMMMMMMMMMMMMMMMMMMMMMMMMMMMMMMMMMMMMMMMMMMMMMMMMMMMMMMMMMMMMMMMMMMMMMMMMMMMMMMMMMMMMMMMMMMMMMMMMMMMMMMMMMMMMMMMMMMMMMMMMMMMMMMMMMMMMMMMMMMMMMMMMMMMMMMMM
MMMMMMMMMMMMMMMMMMMMMMMMTT.......TTT..................TTTMMMMMMMMMMMMMMMMMMMMMMMMMMMMMMMMMMMMMMMMMMMMMMMMMMMMMMMMMMMMMMMMMMMMMMMMMMMMMMMMMMMMMMMMMMMMMMMMMMMMMMMMMMMMMMMMMMMMMMMMMMMMMMMMMMMMMMMMMMMMMMMMMMMMMMMMMMMMMMMMMMMMMMMMMMMMMMMMMMMMMMMMMMMMMMMMMMMMMMMMMMMMMMMMMMMMMMMMMMMMMMMMMMMMMMMMMMMMM
MMMMMMMMMMMMMMMMMMMMMMMMTT............................TTTMMMMMMMMMMMMMMMMMMMMMMMMMMMMMMMMMMMMMMMMMMMMMMMMMMMMMMMMMMMMMMMMMMMMMMMMMMMMMMMMMMMMMMMMMMMMMMMMMMMMMMMMMMMMMMMMMMMMMMMMMMMMMMMMMMMMMMMMMMMMMMMMMMMMMMMMMMMMMMMMMMMMMMMMMMMMMMMMMMMMMMMMMMMMMMMMMMMMMMMMMMMMMMMMMMMMMMMMMMMMMMMMMMMMMMMMMMMMM
MMMMMMMMMMMMMMMMMMMMMMMMTTT...........................TTTMMMMMMMMMMMMMMMMMMMMMMMMMMMMMMMMMMMMMMMMMMMMMMMMMMMMMMMMMMMMMMMMMMMMMMMMMMMMMMMMMMMMMMMMMMMMMMMMMMMMMMMMMMMMMMMMMMMMMMMMMMMMMMMMMMMMMMMMMMMMMMMMMMMMMMMMMMMMMMMMMMMMMMMMMMMMMMMMMMMMMMMMMMMMMMMMMMMMMMMMMMMMMMMMMMMMMMMMMMMMMMMMMMMMMMMMMMMMM
MMMMMMMMMMMMMMMMMMMMMMMMTTT..........................TTTTMMMMMMMMMMMMMMMMMMMMMMMMMMMMMMMMMMMMMMMMMMMMMMMMMMMMMMMMMMMMMMMMMMMMMMMMMMMMMMMMMMMMMMMMMMMMMMMMMMMMMMMMMMMMMMMMMMMMMMMMMMMMMMMMMMMMMMMMMMMMMMMMMMMMMMMMMMMMMMMMMMMMMMMMMMMMMMMMMMMMMMMMMMMMMMMMMMMMMMMMMMMMMMMMMMMMMMMMMMMMMMMMMMMMMMMMMMMMM
MMMMMMMMMMMMMMMMMMMMMMMMTTTT.........................TTTTMMMMMMMMMMMMMMMMMMMMMMMMMMMMMMMMMMMMMMMMMMMMMMMMMMMMMMMMMMMMMMMMMMMMMMMMMMMMMMMMMMMMMMMMMMMMMMMMMMMMMMMMMMMMMMMMMMMMMMMMMMMMMMMMMMMMMMMMMMMMMMMMMMMMMMMMMMMMMMMMMMMMMMMMMMMMMMMMMMMMMMMMMMMMMMMMMMMMMMMMMMMMMMMMMMMMMMMMMMMMMMMMMMMMMMMMMMMMM
MMMMMMMMMMMMMMMMMMMMMMMMTTTT.........................TTTTMMMMMMMMMMMMMMMMMMMMMMMMMMMMMMMMMMMMMMMMMMMMMMMMMMMMMMMMMMMMMMMMMMMMMMMMMMMMMMMMMMMMMMMMMMMMMMMMMMMMMMMMMMMMMMMMMMMMMMMMMMMMMMMMMMMMMMMMMMMMMMMMMMMMMMMMMMMMMMMMMMMMMMMMMMMMMMMMMMMMMMMMMMMMMMMMMMMMMMMMMMMMMMMMMMMMMMMMMMMMMMMMMMMMMMMMMMMMM
MMMMMMMMMMMMMMMMMMMMMMMMTTT...........................TTTMMMMMMMMMMMMMMMMMMMMMMMMMMMMMMMMMMMMMMMMMMMMMMMMMMMMMMMMMMMMMMMMMMMMMMMMMMMMMMMMMMMMMMMMMMMMMMMMMMMMMMMMMMMMMMMMMMMMMMMMMMMMMMMMMMMMMMMMMMMMMMMMMMMMMMMMMMMMMMMMMMMMMMMMMMMMMMMMMMMMMMMMMMMMMMMMMMMMMMMMMMMMMMMMMMMMMMMMMMMMMMMMMMMMMMMMMMMMM
MMMMMMMMMMMMMMMMMMMMMMMMTT............................TTTMMMMMMMMMMMMMMMMMMMMMMMMMMMMMMMMMMMMMMMMMMMMMMMMMMMMMMMMMMMMMMMMMMMMMMMMMMMMMMMMMMMMMMMMMMMMMMMMMMMMMMMMMMMMMMMMMMMMMMMMMMMMMMMMMMMMMMMMMMMMMMMMMMMMMMMMMMMMMMMMMMMMMMMMMMMMMMMMMMMMMMMMMMMMMMMMMMMMMMMMMMMMMMMMMMMMMMMMMMMMMMMMMMMMMMMMMMMMM
MMMMMMMMMMMMMMMMMMMMMMMMTT............................TTTMMMMMMMMMMMMMMMMMMMMMMMMMMMMMMMMMMMMMMMMMMMMMMMMMMMMMMMMMMMMMMMMMMMMMMMMMMMMMMMMMMMMMMMMMMMMMMMMMMMMMMMMMMMMMMMMMMMMMMMMMMMMMMMMMMMMMMMMMMMMMMMMMMMMMMMMMMMMMMMMMMMMMMMMMMMMMMMMMMMMMMMMMMMMMMMMMMMMMMMMMMMMMMMMMMMMMMMMMMMMMMMMMMMMMMMMMMMMM
MMMMMMMMMMMMMMMMMMMMMMMMTTTTTT.....................TTTTTTMMMMMMMMMMMMMMMMMMMMMMMMMMMMMMMMMMMMMMMMMMMMMMMMMMMMMMMMMMMMMMMMMMMMMMMMMMMMMMMMMMMMMMMMMMMMMMMMMMMMMMMMMMMMMMMMMMMMMMMMMMMMMMMMMMMMMMMMMMMMMMMMMMMMMMMMMMMMMMMMMMMMMMMMMMMMMMMMMMMMMMMMMMMMMMMMMMMMMMMMMMMMMMMMMMMMMMMMMMMMMMMMMMMMMMMMMMMMM
MMMMMMMMMMMMMMMMMMMMMMMMMTTTTT.....................TTTTTMMMMMMMMMMMMMMMMMMMMMMMMMMMMMMMMMMMMMMMMMMMMMMMMMMMMMMMMMMMMMMMMMMMMMMMMMMMMMMMMMMMMMMMMMMMMMMMMMMMMMMMMMMMMMMMMMMMMMMMMMMMMMMMMMMMMMMMMMMMMMMMMMMMMMMMMMMMMMMMMMMMMMMMMMMMMMMMMMMMMMMMMMMMMMMMMMMMMMMMMMMMMMMMMMMMMMMMMMMMMMMMMMMMMMMMMMMMMMM
MMMMMMMMMMMMMMMMMMMMMMMMMTTTTTTT................TTTTTTTTMMMMMMMMMMMMMMMMMMMMMMMMMMMMMMMMMMMMMMMMMMMMMMMMMMMMMMMMMMMMMMMMMMMMMMMMMMMMMMMMMMMMMMMMMMMMMMMMMMMMMMMMMMMMMMMMMMMMMMMMMMMMMMMMMMMMMMMMMMMMMMMMMMMMMMMMMMMMMMMMMMMMMMMMMMMMMMMMMMMMMMMMMMMMMMMMMMMMMMMMMMMMMMMMMMMMMMMMMMMMMMMMMMMMMMMMMMMMMM
MMMMMMMMMMMMMMMMMMMMMMMMTTTTTTTT................TTTTTTTTMMMMMMMMMMMMMMMMMMMMMMMMMMMMMMMMMMMMMMMMMMMMMMMMMMMMMMMMMMMMMMMMMMMMMMMMMMMMMMMMMMMMMMMMMMMMMMMMMMMMMMMMMMMMMMMMMMMMMMMMMMMMMMMMMMMMMMMMMMMMMMMMMMMMMMMMMMMMMMMMMMMMMMMMMMMMMMMMMMMMMMMMMMMMMMMMMMMMMMMMMMMMMMMMMMMMMMMMMMMMMMMMMMMMMMMMMMMMMM
MMMMMMMMMMMMMMMMMMMMMMMMTTTTTTTT................TTTTTTTTMMMMMMMMMMMMMMMMMMMMMMMMMMMMMMMMMMMMMMMMMMMMMMMMMMMMMMMMMMMMMMMMMMMMMMMMMMMMMMMMMMMMMMMMMMMMMMMMMMMMMMMMMMMMMMMMMMMMMMMMMMMMMMMMMMMMMMMMMMMMMMMMMMMMMMMMMMMMMMMMMMMMMMMMMMMMMMMMMMMMMMMMMMMMMMMMMMMMMMMMMMMMMMMMMMMMMMMMMMMMMMMMMMMMMMMMMMMMMM
MMMMMMMMMMMMMMMMMMMMMMMMTTTTTTTT................TTTTTTTTMMMMMMMMMMMMMMMMMMMMMMMMMMMMMMMMMMMMMMMMMMMMMMMMMMMMMMMMMMMMMMMMMMMMMMMMMMMMMMMMMMMMMMMMMMMMMMMMMMMMMMMMMMMMMMMMMMMMMMMMMMMMMMMMMMMMMMMMMMMMMMMMMMMMMMMMMMMMMMMMMMMMMMMMMMMMMMMMMMMMMMMMMMMMMMMMMMMMMMMMMMMMMMMMMMMMMMMMMMMMMMMMMMMMMMMMMMMMMM
MMMMMMMMMMMMMMMMMMMMMMMMTTTTTTTTT..............TTTTTTTTTMMMMMMMMMMMMMMMMMMMMMMMMMMMMMMMMMMMMMMMMMMMMMMMMMMMMMMMMMMMMMMMMMMMMMMMMMMMMMMMMMMMMMMMMMMMMMMMMMMMMMMMMMMMMMMMMMMMMMMMMMMMMMMMMMMMMMMMMMMMMMMMMMMMMMMMMMMMMMMMMMMMMMMMMMMMMMMMMMMMMMMMMMMMMMMMMMMMMMMMMMMMMMMMMMMMMMMMMMMMMMMMMMMMMMMMMMMMMMM
MMMMMMMMMMMMMMMMMMMMMMMMTTTTTTTTT..............TTTTTTTTTMMMMMMMMMMMMMMMMMMMMMMMMMMMMMMMMMMMMMMMMMMMMMMMMMMMMMMMMMMMMMMMMMMMMMMMMMMMMMMMMMMMMMMMMMMMMMMMMMMMMMMMMMMMMMMMMMMMMMMMMMMMMMMMMMMMMMMMMMMMMMMMMMMMMMMMMMMMMMMMMMMMMMMMMMMMMMMMMMMMMMMMMMMMMMMMMMMMMMMMMMMMMMMMMMMMMMMMMMMMMMMMMMMMMMMMMMMMMMM
MMMMMMMMMMMMMMMMMMMMMMMMMTTTTTTTTTTTT......TTTTTTTTTTTTTMMMMMMMMMMMMMMMMMMMMMMMMMMMMMMMMMMMMMMMMMMMMMMMMMMMMMMMMMMMMMMMMMMMMMMMMMMMMMMMMMMMMMMMMMMMMMMMMMMMMMMMMMMMMMMMMMMMMMMMMMMMMMMMMMMMMMMMMMMMMMMMMMMMMMMMMMMMMMMMMMMMMMMMMMMMMMMMMMMMMMMMMMMMMMMMMMMMMMMMMMMMMMMMMMMMMMMMMMMMMMMMMMMMMMMMMMMMMMM
MMMMMMMMMMMMMMMMMMMMMMMMMTTTTTTTTTTTT......TTTTTTTTTTTTTMMMMMMMMMMMMMMMMMMMMMMMMMMMMMMMMMMMMMMMMMMMMMMMMMMMMMMMMMMMMMMMMMMMMMMMMMMMMMMMMMMMMMMMMMMMMMMMMMMMMMMMMMMMMMMMMMMMMMMMMMMMMMMMMMMMMMMMMMMMMMMMMMMMMMMMMMMMMMMMMMMMMMMMMMMMMMMMMMMMMMMMMMMMMMMMMMMMMMMMMMMMMMMMMMMMMMMMMMMMMMMMMMMMMMMMMMMMMMM
MMMMMMMMMMMMMMMMMMMMMMMMMTTTTTTTTTTTTTT...TTTTTTTTTTTTTTMMMMMMMMMMMMMMMMMMMMMMMMMMMMMMMMMMMMMMMMMMMMMMMMMMMMMMMMMMMMMMMMMMMMMMMMMMMMMMMMMMMMMMMMMMMMMMMMMMMMMMMMMMMMMMMMMMMMMMMMMMMMMMMMMMMMMMMMMMMMMMMMMMMMMMMMMMMMMMMMMMMMMMMMMMMMMMMMMMMMMMMMMMMMMMMMMMMMMMMMMMMMMMMMMMMMMMMMMMMMMMMMMMMMMMMMMMMMMM
MMMMMMMMMMMMMMMMMMMMMMMMMTTTTTTTTTTTTTT...TTTTTTTTTTTTTTMMMMMMMMMMMMMMMMMMMMMMMMMMMMMMMMMMMMMMMMMMMMMMMMMMMMMMMMMMMMMMMMMMMMMMMMMMMMMMMMMMMMMMMMMMMMMMMMMMMMMMMMMMMMMMMMMMMMMMMMMMMMMMMMMMMMMMMMMMMMMMMMMMMMMMMMMMMMMMMMMMMMMMMMMMMMMMMMMMMMMMMMMMMMMMMMMMMMMMMMMMMMMMMMMMMMMMMMMMMMMMMMMMMMMMMMMMMMMM
MMMMMMMMMMMMMMMMMMMMMMMMMTTTTTTTTTTTTTT...TTTTTTTTTTTTTTMMMMMMMMMMMMMMMMMMMMMMMMMMMMMMMMMMMMMMMMMMMMMMMMMMMMMMMMMMMMMMMMMMMMMMMMMMMMMMMMMMMMMMMMMMMMMMMMMMMMMMMMMMMMMMMMMMMMMMMMMMMMMMMMMMMMMMMMMMMMMMMMMMMMMMMMMMMMMMMMMMMMMMMMMMMMMMMMMMMMMMMMMMMMMMMMMMMMMMMMMMMMMMMMMMMMMMMMMMMMMMMMMMMMMMMMMMMMMM
MMMMMMMMMMMMMMMMMMMMMMMMMTTTTTTTTTTTTT.....TTTTTTTTTTTTTMMMMMMMMMMMMMMMMMMMMMMMMMMMMMMMMMMMMMMMMMMMMMMMMMMMMMMMMMMMMMMMMMMMMMMMMMMMMMMMMMMMMMMMMMMMMMMMMMMMMMMMMMMMMMMMMMMMMMMMMMMMMMMMMMMMMMMMMMMMMMMMMMMMMMMMMMMMMMMMMMMMMMMMMMMMMMMMMMMMMMMMMMMMMMMMMMMMMMMMMMMMMMMMMMMMMMMMMMMMMMMMMMMMMMMMMMMMMMM
MMMMMMMMMMMMMMMMMMMMMMMMMTTTTTTTTTTTTT....TTTTTTTTTTTTTTMMMMMMMMMMMMMMMMMMMMMMMMMMMMMMMMMMMMMMMMMMMMMMMMMMMMMMMMMMMMMMMMMMMMMMMMMMMMMMMMMMMMMMMMMMMMMMMMMMMMMMMMMMMMMMMMMMMMMMMMMMMMMMMMMMMMMMMMMMMMMMMMMMMMMMMMMMMMMMMMMMMMMMMMMMMMMMMMMMMMMMMMMMMMMMMMMMMMMMMMMMMMMMMMMMMMMMMMMMMMMMMMMMMMMMMMMMMMMM
MMMMMMMMMMMMMMMMMMMMMMMMMTTTTTTTTTTTTT....TTTTTTTTTTTTTTMMMMMMMMMMMMMMMMMMMMMMMMMMMMMMMMMMMMMMMMMMMMMMMMMMMMMMMMMMMMMMMMMMMMMMMMMMMMMMMMMMMMMMMMMMMMMMMMMMMMMMMMMMMMMMMMMMMMMMMMMMMMMMMMMMMMMMMMMMMMMMMMMMMMMMMMMMMMMMMMMMMMMMMMMMMMMMMMMMMMMMMMMMMMMMMMMMMMMMMMMMMMMMMMMMMMMMMMMMMMMMMMMMMMMMMMMMMMMM
MMMMMMMMMMMMMMMMMMMMMMMMTTTTTTTTT..T........T..TTTTTTTTTMMMMMMMMMMMMMMMMMMMMMMMMMMMMMMMMMMMMMMMMMMMMMMMMMMMMMMMMMMMMMMMMMMMMMMMMMMMMMMMMMMMMMMMMMMMMMMMMMMMMMMMMMMMMMMMMMMMMMMMMMMMMMMMMMMMMMMMMMMMMMMMMMMMMMMMMMMMMMMMMMMMMMMMMMMMMMMMMMMMMMMMMMMMMMMMMMMMMMMMMMMMMMMMMMMMMMMMMMMMMMMMMMMMMMMMMMMMMMM
MMMMMMMMMMMMMMMMMMMMMMMMTTTTTT.....................TTTTTMMMMMMMMMMMMMMMMMMMMMMMMMMMMMMMMMMMMMMMMMMMMMMMMMMMMMMMMMMMMMMMMMMMMMMMMMMMMMMMMMMMMMMMMMMMMMMMMMMMMMMMMMMMMMMMMMMMMMMMMMMMMMMMMMMMMMMMMMMMMMMMMMMMMMMMMMMMMMMMMMMMMMMMMMMMMMMMMMMMMMMMMMMMMMMMMMMMMMMMMMMMMMMMMMMMMMMMMMMMMMMMMMMMMMMMMMMMMMM
MMMMMMMMMMMMMMMMMMMMMMMMTTTTTT.....................TTTTTMMMMMMMMMMMMMMMMMMMMMMMMMMMMMMMMMMMMMMMMMMMMMMMMMMMMMMMMMMMMMMMMMMMMMMMMMMMMMMMMMMMMMMMMMMMMMMMMMMMMMMMMMMMMMMMMMMMMMMMMMMMMMMMMMMMMMMMMMMMMMMMMMMMMMMMMMMMMMMMMMMMMMMMMMMMMMMMMMMMMMMMMMMMMMMMMMMMMMMMMMMMMMMMMMMMMMMMMMMMMMMMMMMMMMMMMMMMMMM
MMMMMMMMMMMMMMMMMMMMMMMMTTTTTT.....................TTTTTMMMMMMMMMMMMMMMMMMMMMMMMMMMMMMMMMMMMMMMMMMMMMMMMMMMMMMMMMMMMMMMMMMMMMMMMMMMMMMMMMMMMMMMMMMMMMMMMMMMMMMMMMMMMMMMMMMMMMMMMMMMMMMMMMMMMMMMMMMMMMMMMMMMMMMMMMMMMMMMMMMMMMMMMMMMMMMMMMMMMMMMMMMMMMMMMMMMMMMMMMMMMMMMMMMMMMMMMMMMMMMMMMMMMMMMMMMMMMM
MMMMMMMMMMMMMMMMMMMMMMMMMTTTTT.....................TTTTTMMMMMMMMMMMMMMMMMMMMMMMMMMMMMMMMMMMMMMMMMMMMMMMMMMMMMMMMMMMMMMMMMMMMMMMMMMMMMMMMMMMMMMMMMMMMMMMMMMMMMMMMMMMMMMMMMMMMMMMMMMMMMMMMMMMMMMMMMMMMMMMMMMMMMMMMMMMMMMMMMMMMMMMMMMMMMMMMMMMMMMMMMMMMMMMMMMMMMMMMMMMMMMMMMMMMMMMMMMMMMMMMMMMMMMMMMMMMMM
MMMMMMMMMMMMMMMMMMMMMMMMMTTTTT.....................TTTTTMMMMMMMMMMMMMMMMMMMMMMMMMMMMMMMMMMMMMMMMMMMMMMMMMMMMMMMMMMMMMMMMMMMMMMMMMMMMMMMMMMMMMMMMMMMMMMMMMMMMMMMMMMMMMMMMMMMMMMMMMMMMMMMMMMMMMMMMMMMMMMMMMMMMMMMMMMMMMMMMMMMMMMMMMMMMMMMMMMMMMMMMMMMMMMMMMMMMMMMMMMMMMMMMMMMMMMMMMMMMMMMMMMMMMMMMMMMMMM
MMMMMMMMMMMMMMMMMMMMMMMMTTTTTT.....................TTTTTTMMMMMMMMMMMMMMMMMMMMMMMMMMMMMMMMMMMMMMMMMMMMMMMMMMMMMMMMMMMMMMMMMMMMMMMMMMMMMMMMMMMMMMMMMMMMMMMMMMMMMMMMMMMMMMMMMMMMMMMMMMMMMMMMMMMMMMMMMMMMMMMMMMMMMMMMMMMMMMMMMMMMMMMMMMMMMMMMMMMMMMMMMMMMMMMMMMMMMMMMMMMMMMMMMMMMMMMMMMMMMMMMMMMMMMMMMMMMM
MMMMMMMMMMMMMMMMMMMMMMMMTT............................TTTMMMMMMMMMMMMMMMMMMMMMMMMMMMMMMMMMMMMMMMMMMMMMMMMMMMMMMMMMMMMMMMMMMMMMMMMMMMMMMMMMMMMMMMMMMMMMMMMMMMMMMMMMMMMMMMMMMMMMMMMMMMMMMMMMMMMMMMMMMMMMMMMMMMMMMMMMMMMMMMMMMMMMMMMMMMMMMMMMMMMMMMMMMMMMMMMMMMMMMMMMMMMMMMMMMMMMMMMMMMMMMMMMMMMMMMMMMMMM
MMMMMMMMMMMMMMMMMMMMMMMMTT............................TTTMMMMMMMMMMMMMMMMMMMMMMMMMMMMMMMMMMMMMMMMMMMMMMMMMMMMMMMMMMMMMMMMMMMMMMMMMMMMMMMMMMMMMMMMMMMMMMMMMMMMMMMMMMMMMMMMMMMMMMMMMMMMMMMMMMMMMMMMMMMMMMMMMMMMMMMMMMMMMMMMMMMMMMMMMMMMMMMMMMMMMMMMMMMMMMMMMMMMMMMMMMMMMMMMMMMMMMMMMMMMMMMMMMMMMMMMMMMMM
MMMMMMMMMMMMMMMMMMMMMMMMTT...........................TTTTMMMMMMMMMMMMMMMMMMMMMMMMMMMMMMMMMMMMMMMMMMMMMMMMMMMMMMMMMMMMMMMMMMMMMMMMMMMMMMMMMMMMMMMMMMMMMMMMMMMMMMMMMMMMMMMMMMMMMMMMMMMMMMMMMMMMMMMMMMMMMMMMMMMMMMMMMMMMMMMMMMMMMMMMMMMMMMMMMMMMMMMMMMMMMMMMMMMMMMMMMMMMMMMMMMMMMMMMMMMMMMMMMMMMMMMMMMMMM
MMMMMMMMMMMMMMMMMMMMMMMMTTTTT........................TTTTMMMMMMMMMMMMMMMMMMMMMMMMMMMMMMMMMMMMMMMMMMMMMMMMMMMMMMMMMMMMMMMMMMMMMMMMMMMMMMMMMMMMMMMMMMMMMMMMMMMMMMMMMMMMMMMMMMMMMMMMMMMMMMMMMMMMMMMMMMMMMMMMMMMMMMMMMMMMMMMMMMMMMMMMMMMMMMMMMMMMMMMMMMMMMMMMMMMMMMMMMMMMMMMMMMMMMMMMMMMMMMMMMMMMMMMMMMMMM
TTMMMMMMMMMMMMTTTTMMMMTTTTTTT........................TTTTTMMMMTTTTMMMMMMMMMMMMTTMMMMMMMMMMMMMMMMMMMMMMMMMMMMMMMMTTMMMMMMMMMMMMMTTTMMMMMMMMMMMMTMMMMMMMMMMMMMMMMMMMMMMMMMMMMMMMMMMMMMMMMMMMMMMMMMMMMMMMMMMMMMMMMMMMMMMMMMMMMMMMMMMMMMMMMMMMMMMMMMMMMMMMMMMMMMMMMMMMMMMMMMMMMMMMMMMMMMMMMMMMMMMMMMMMMMMM
TTTTTTTTTTTTTTTTTTTTTTTTTTTTT........................TTTTTTTTTTTTTTTTTTTTTTTTTTTMMMMMMMMMMMMMMMMMMMMMMMMMMMMMMMMTTTTTTTTTTTTTTTTTTTTTTTTTTTTTTTMMMMMMMMMMMMMMMMMMMMMMMMMMMMMMMMMMMMMMMMMMMMMMMMMMMMMMMMMMMMMMMMMMMMMMMMMMMMMMMMMMMMMMMMMMMMMMMMMMMMMMMMMMMMMMMMMMMMMMMMMMMMMMMMMMMMMMMMMMMMMMMMMMMMMMM
TTTTTTTTTTTTTTTTTTTTTTTTTTTTT........................TTTTTTTTTTTTTTTTTTTTTTTTTTTMMMMMMMMMMMMMMMMMMMMMMMMMMMMMMMMTTTTTTTTTTTTTTTTTTTTTTTTTTTTTTTMMMMMMMMMMMMMMMMMMMMMMMMMMMMMMMMMMMMMMMMMMMMMMMMMMMMMMMMMMMMMMMMMMMMMMMMMMMMMMMMMMMMMMMMMMMMMMMMMMMMMMMMMMMMMMMMMMMMMMMMMMMMMMMMMMMMMMMMMMMMMMMMMMMMMMM
TTTTTTTTTTTTTTT.......TTTT............................TTTTTTT....TTTTTTTTTT..TTTMMMMMMMMMMMMMMMMMMMMMMMMMMMMMMMTTTTTTTTTTT...TT.......TTTTTTTTTMMMMMMMMMMMMMMMMMMMMMMMMMMMMMMMMMMMMMMMMMMMMMMMMMMMMMMMMMMMMMMMMMMMMMMMMMMMMMMMMMMMMMMMMMMMMMMMMMMMMMMMMMMMMMMMMMMMMMMMMMMMMMMMMMMMMMMMMMMMMMMMMMMMMMMM
TT..T......TTTT.......TTTT............................TTTTTTT............TT..TTTMMMMMMMMMMMMMMMMMMMMMMMMMMMMMMMTTTTTTTTTTT...TT...TTT...TTTTTTTMMMMMMMMMMMMMMMMMMMMMMMMMMMMMMMMMMMMMMMMMMMMMMMMMMMMMMMMMMMMMMMMMMMMMMMMMMMMMMMMMMMMMMMMMMMMMMMMMMMMMMMMMMMMMMMMMMMMMMMMMMMMMMMMMMMMMMMMMMMMMMMMMMMMMMM
TT....................TTTTTTTT....................TTTTTTTTTTT................TTTMMMMMMMMMMMMMMMMMMMMMMMMMMMMMMMTTTTTTTTTTT........TTT....TTTTTTMMMMMMMMMMMMMMMMMMMMMMMMMMMMMMMMMMMMMMMMMMMMMMMMMMMMMMMMMMMMMMMMMMMMMMMMMMMMMMMMMMMMMMMMMMMMMMMMMMMMMMMMMMMMMMMMMMMMMMMMMMMMMMMMMMMMMMMMMMMMMMMMMMMMMMM
TT............TTT.....TTMTTTTT....................TTTTTTTTTTT................TTTMMMMMMMMMMMMMMMMMMMMMMMMMMMMMMMTTTTTTTTTTT........TT...TTTTTTTTMMMMMMMMMMMMMMMMMMMMMMMMMMMMMMMMMMMMMMMMMMMMMMMMMMMMMMMMMMMMMMMMMMMMMMMMMMMMMMMMMMMMMMMMMMMMMMMMMMMMMMMMMMMMMMMMMMMMMMMMMMMMMMMMMMMMMMMMMMMMMMMMMMMMMMM
TTTTT.........TTT.....TTMTTTTT...................TTTTTTTTTTTT...............TTTTMMMMMMMMMMMMMMMMMMMMMMMMMMMMMMMTTTTTTTTTTT.............TTTTTTTTMMMMMMMMMMMMMMMMMMMMMMMMMMMMMMMMMMMMMMMMMMMMMMMMMMMMMMMMMMMMMMMMMMMMMMMMMMMMMMMMMMMMMMMMMMMMMMMMMMMMMMMMMMMMMMMMMMMMMMMMMMMMMMMMMMMMMMMMMMMMMMMMMMMMMMM
TTTTT.........TTT..TTTTTTTTTTT...................TTTTTTTTTTTT...............TTTTMMMMMMMMMMMMMMMMMMMMMMMMMMMMMMMTTTTTTTTT................TTTTTTTTMMMMMMMMMMMMMMMMMMMMMMMMMMMMMMMMMMMMMMMMMMMMMMMMMMMMMMMMMMMMMMMMMMMMMMMMMMMMMMMMMMMMMMMMMMMMMMMMMMMMMMMMMMMMMMMMMMMMMMMMMMMMMMMMMMMMMMMMMMMMMMMMMMMMMM
TTTTT.........TTT....TTTTTTTTTT..................TTTTTTTTTTTT........TTTTTTTTTTTMMMMMMMMMMMMMMMMMMMMMMMMMMMMMMMTTTT..........................TTTMMMMMMMMMMMMMMMMMMMMMMMMMMMMMMMMMMMMMMMMMMMMMMMMMMMMMMMMMMMMMMMMMMMMMMMMMMMMMMMMMMMMMMMMMMMMMMMMMMMMMMMMMMMMMMMMMMMMMMMMMMMMMMMMMMMMMMMMMMMMMMMMMMMMMM
TTT...........TTT....TTTTTTTTTT..................TTTTTTTTT..........TTTTTTTTTTTTMMMMMMMMMMMMMMMMMMMMMMMMMMMMMMMTTTTTT........................TTTMMMMMMMMMMMMMMMMMMMMMMMMMMMMMMMMMMMMMMMMMMMMMMMMMMMMMMMMMMMMMMMMMMMMMMMMMMMMMMMMMMMMMMMMMMMMMMMMMMMMMMMMMMMMMMMMMMMMMMMMMMMMMMMMMMMMMMMMMMMMMMMMMMMMMM
TTT..................TTTTTTTTT....................TTTTTTTTTT........TTTTTTTTTTTTMMMMMMMMMMMMMMMMMMMMMMMMMMMMMMMMTTTTT.........................TTMMMMMMMMMMMMMMMMMMMMMMMMMMMMMMMMMMMMMMMMMMMMMMMMMMMMMMMMMMMMMMMMMMMMMMMMMMMMMMMMMMMMMMMMMMMMMMMMMMMMMMMMMMMMMMMMMMMMMMMMMMMMMMMMMMMMMMMMMMMMMMMMMMMMMM
TTT.TT...............TTTTT.TTT........................TTTTTT........TTTTTTTTTTTTMMMMMMMMMMMMMMMMMMMMMMMMMMMMMMMMTTTTT.........................TTMMMMMMMMMMMMMMMMMMMMMMMMMMMMMMMMMMMMMMMMMMMMMMMMMMMMMMMMMMMMMMMMMMMMMMMMMMMMMMMMMMMMMMMMMMMMMMMMMMMMMMMMTTMMMMMMMMMMMMMMMMMMMMMMMMMMMMMMMMMMMMMMMMMMMM
TTT..................TTTTT.TT.........................TTTT..........TTTTTTTTTTTTMMMMMMMMMMMMMMMMMMMMMMMMMMMMMMMMTTTTT.........................TTMMMMMMMMMMMMMMMMMMMMMMMMMMMMMMMMMMMMMMMMMMMMMMMMMMMMMMMMMMMMMMMMMMMMMMMMMMMMMMMMMMMMMMMMMMMMMMMMMMMMMTTTTTTTTMMMMMMMMMMMMMMMMMMMMMMMMMMMMMMMMMMMMMMMMM
TTT....................TTT............................TTTT..........TTTTTTTTTTTTMMMMMMMMMMMMMMMMMMMMMMMMMMMMMMMMTTTTT.........................TTMMMMMMMMMMMMMMMMMMMMMMMMMMMMMMMMMMMMMMMMMMMMMMMMMMMMMMMMMMMMMMMMMMMMMMMMMMMMMMMMMMMTTTTTTTTTTTTTTTTTTT..TTT..TTTTTTTTTTTTTTTTTTTMMMMMMMMMMMMMMMMMMMMMM
TTTT.................................................................TTTTTTTTTTTMMMMMMMMMMMMMMMMMMMMMMMMMMMMMMMMTTTT..........................TTMMMMMMMMMMMMMMMMMMMMMMMMMMMMMMMMMMMMMMMMMMMMMMMMMMMMMMMMMMMMMMMMMMMMMMMMMMMMMMMMMMMTTTT......TTTTTTTTT.......TTTTTTTT.....TTTTTTMMMMMMMMMMMMMMMMMMMMMM
TTTT..........................................................................TTMMMMMMMMMMMMMMMMMMMMMMMMMMMMMMMMTTTT..........................TTMMMMMMMMMMMMMMMMMMMMMMMMMMMMMMMMMMMMMMMMMMMMMMMMMMMMMMMMMMMMMMMMMMMMMMMMMMMMMMMMTTTTTTT.......TTTTTTTT.......TTTTTTTT.....TTTTTTMMMMMMMMMMMMMMMMMMMMMM
TTTT..........................................................................TTMMMMMMMMMMMMMMMMMMMMMMMMMMMMMMMMTTTT..........................TTMMMMMMMMMMMMMMMMMMMMMMMMMMMMMMMMMMMMMMMMMMMMMMMMMMMMMMMMMMMMMMMMMMMMMMMMMMMMMMMMTTTTTTT...................................TTTTTTMMMMMMMMMMMMMMMMMMMMMM
TTTT...................TTT............................TTTT....................TTMMMMMMMMMMMMMMMMMMMMMMMMMMMMMMMMTTTT..........................TTMMMMMMMMMMMMMMMMMMMMMMMMMMMMMMMMMMMMMMMMMMMMMMMMMMMMMMMMMMMMMMMMMMMMMMMMMMMMMMMMTTTTTTT...................................TTTTTTMMMMMMMMMMMMMMMMMMMMMM
TTT....................TTT............................TTTT....................TTMMMMMMMMMMMMMMMMMMMMMMMMMMMMMMMMTTTT...TTT.............TTT....TTMMMMMMMMMMMMMMMMMMMMMMMMMMMMMMMMMMMMMMMMMMMMMMMMMMMMMMMMMMMMMMMMMMMMMMMMMMMMMMMMTT.............................................TMMMMMMMMMMMMMMMMMMMMMM
TTT.TT...............TTTTT............................TTTTTT..................TTMMMMMMMMMMMMMMMMMMMMMMMMMMMMMMMMTTTT...TTT.............TTT....TTMMMMMMMMMMMMMMMMMMMMMMMMMMMMMMMMMMMMMMMMMMMMMMMMMMMMMMMMMMMMMMMMMMMMMMMMMMMMMMMMTT......................TTT....................TMMMMMMMMMMMMMMMMMMMMMM
TTT..T...............TTTTTTTTT.....................TTTTTTTTT................TTTTMMMMMMMMMMMMMMMMMMMMMMMMMMMMMMMTTTTTTTTTTT.............TTTTTTTTTMMMMMMMMMMMMMMMMMMMMMMMMMMMMMMMMMMMMMMMMMMMMMMMMMMMMMMMMMMMMMMMMMMMMMMMMMMMMMMMMTT......................TTT...................TMMMMMMMMMMMMMMMMMMMMMMM
TTT....................TTTTTTT.....................TTTTTTT..................TTTTMMMMMMMMMMMMMMMMMMMMMMMMMMMMMMMTTTTTTTTTTT.............TTTTTTTTTMMMMMMMMMMMMMMMMMMMMMMMMMMMMMMMMMMMMMMMMMMMMMMMMMMMMMMMMMMMMMMMMMMMMMMMMMMMMMMMMTT.T....................TTT..................TTMMMMMMMMMMMMMMMMMMMMMMM
TTTT..........TTT...TTTTTTTTTT.....................TTTTTTTTTT...............TTTTMMMMMMMMMMMMMMMMMMMMMMMMMMMMMMMTTTTTTTTTTT.............TTTTTTTTTMMMMMMMMMMMMMMMMMMMMMMMMMMMMMMMMMMMMMMMMMMMMMMMMMMMMMMMMMMMMMMMMMMMMMMMMMMMMMMMMTTTTT........................................TTMMMMMMMMMMMMMMMMMMMMMMM
TTTT.......TTTTTT...TTTTTTTTTT.....................TTTTTTTTTT...............TTTTMMMMMMMMMMMMMMMMMMMMMMMMMMMMMMMTTTTTTTTTTT.............TTTTTTTTTMMMMMMMMMMMMMMMMMMMMMMMMMMMMMMMMMMMMMMMMMMMMMMMMMMMMMMMMMMMMMMMMMMMMMMMMMMMMMMMMTT............................................TMMMMMMMMMMMMMMMMMMMMMMM
TTTT.....TTTTTTTT...TTTTTTTTTT.....................TTTTTTTTTT...............TTTTMMMMMMMMMMMMMMMMMMMMMMMMMMMMMMMTTTTTTTTTTT.............TTTTTTTTTMMMMMMMMMMMMMMMMMMMMMMMMMMMMMMMMMMMMMMMMMMMMMMMMMMMMMMMMMMMMMMMMMMMMMMMMMMMMMMMMTT............................................TMMMMMMMMMMMMMMMMMMMMMMM
TTTT.....TTTTTTT....TTTTTTTTTTTT.................TTTTTTTTT....................TTMMMMMMMMMMMMMMMMMMMMMMMMMMMMMMMTTTTTTTTT................TTTTTTTTMMMMMMMMMMMMMMMMMMMMMMMMMMMMMMMMMMMMMMMMMMMMMMMMMMMMMMMMMMMMMMMMMMMMMMMMMMMMMMMMTTTTTTT.......TTTT.................TT.....TTTTTMMMMMMMMMMMMMMMMMMMMMMM
TTTT.....TTTTTTT....TTTTTTTTTTTTT..............TTTTTTTTTTTTT.................TTTMMMMMMMMMMMMMMMMMMMMMMMMMMMMMMMMTTT........................TTMTTMMMMMMMMMMMMMMMMMMMMMMMMMMMMMMMMMMMMMMMMMMMMMMMMMMMMMMMMMMMMMMMMMMMMMMMMMMMMMMMMTTTTTTT.......TTTTTTT.........TTTTTTT.....TTTTTMMMMMMMMMMMMMMMMMMMMMMM
TTTT.....TTTTTTT....TTTTTTTTTTTTTTTT.........TTTTTTTTTTTTTTTT................TTTMMMMMMMMMMMMMMMMMMMMMMMMMMMMMMMMTTT........................TTTTTMMMMMMMMMMMMMMMMMMMMMMMMMMMMMMMMMMMMMMMMMMMMMMMMMMMMMMMMMMMMMMMMMMMMMMMMMMMMMMMMTTTTTTT..........TTTT.........TTTTT.......TTTTTMMMMMMMMMMMMMMMMMMMMMMM
TTTTTTT..TTTTTTT..TTTTTTMTTTTTTTTTTTT.......TTTTTTTTTTTTTTTTTT..........TTT..TTTMMMMMMMMMMMMMMMMMMMMMMMMMMMMMMMMTTT........................TT.TTMMMMMMMMMMMMMMMMMMMMMMMMMMMMMMMMMMMMMMMMMMMMMMMMMMMMMMMMMMMMMMMMMMMMMMMMMMMMMMMMTTTTTTTTTT............................TTTTTTTTTMMMMMMMMMMMMMMMMMMMMMMM
TTTTTTTTTTTTTTTTTTTTTTTTMTTTTTTTTTTTT......TTTTTTTTTTTTTTTTTTTTTTT......TTT...TTMMMMMMMMMMMMMMMMMMMMMMMMMMMMMMMMTTT...........................TTMMMMMMMMMMMMMMMMMMMMMMMMMMMMMMMMMMMMMMMMMMMMMMMMMMMMMMMMMMMMMMMMMMMMMMMMMMMMMMMMTTTTTTTTTT......TTTT..................TTTTTTTTTMMMMMMMMMMMMMMMMMMMMMMM
TTTTTTTTTTTTTTTTTTTTTTTTTTTTTTTTTTTTTTT...TTTTTTTTTTTTTTTTTTTTTTTTTTTTTTTTTTTTTTMMMMMMMMMMMMMMMMMMMMMMMMMMMMMMMMTTT..........................TTTMMMMMMMMMMMMMMMMMMMMMMMMMMMMMMMMMMMMMMMMMMMMMMMMMMMMMMMMMMMMMMMMMMMMMMMMMMMMMMMMTTTTTTTTTT.....TTTTT..........TTTTTTTTTTTTTTTTTMMMMMMMMMMMMMMMMMMMMMMM
TTTTTTTTTTTTTTTTTTTTTTTTTTTTTTTTTTTTTTT...TTTTTTTTTTTTTTTTTTTTTTTTTTTTTTTMMMMMMMMMMMMMMMMMMMMMMMMMMMMMMMMMMMMMMMTTT..........................TTTMMMMMMMMMMMMMMMMMMMMMMMMMMMMMMMMMMMMMMMMMMMMMMMMMMMMMMMMMMMMMMMMMMMMMMMMMMMMMMMMTTTTTTT......TTT..............TTTTTTT.....TTTTTMMMMMMMMMMMMMMMMMMMMMMM
MMMMMMMMTTTTTTTTTTTTTTTTTTTTTTTTTTTTTTT...TTTTTTTTTTTTTTTTTTTTTTTTTTTTTTTMMMMMMMMMMMMMMMMMMMMMMMMMMMMMMMMMMMMMMMTTT...........................TTMMMMMMMMMMMMMMMMMMMMMMMMMMMMMMMMMMMMMMMMMMMMMMMMMMMMMMMMMMMMMMMMMMMMMMMMMMMMMMMMTTTTTTT...................................TTTTTMMMMMMMMMMMMMMMMMMMMMMM
MMMMMMMMTTTTTTTTTTTTTTTTTTTTTTTTTTTT.........TTTTTTTTTTTTTTTTTTTTTTTTTTTTMMMMMMMMMMMMMMMMMMMMMMMMMMMMMMMMMMMMMMMTTT........................TTTTTMTTTTTTTTTMMMMMMMMMMMMMMMMMMMMMMMMMMMMMMMMMMMMMMMMMMMMMMMMMMMMMMMMMMMMMMMMMMMMMMTTTTTTT......TTTT.........................TTTTTMMMMMMMMMMMMMMMMMMMMMMM
MMMMMMMMTTTT...TTTTTTMTTMTTTTTTTTTTT.........TTTTTTTTTTTTTTT...TTTTTTTTTMMMMMMMMMMMMMMMMMMMMMMMMMMMMMMMMMMMMMMMMTTT........................TTTTTMTTTT..TTTTMMMMMMMMMMMMMMMMMMMMMMMMMMMMMMMMMMMMMMMMMMMMMMMMMMMMMMMMMMMMMMMMMMMMMTT...........TTTTTTT...........TTTTTTT.........MMMMMMMMMMMMMMMMMMMMMMM
MMMMMMMMTTTT......TTTMTTMTTTTTTTTTTT.........TTTTTTTTTTTTTTT...TTTTTTTTTMMMMMMMMMMMMMMMMMMMMMMMMMMMMMMMMMMMMMMMMTTT..........................TTTMTT......TTTMMMMMMMMMMMMMMMMMMMMMMMMMMMMMMMMMMMMMMMMMMMMMMMMMMMMMMMMMMMMMMMMMMMMTT..............TTTT...........TTTTTTT........TMMMMMMMMMMMMMMMMMMMMMMM
MMMMMMMMTTTT.........TTTTTTTTTTTT..............TTTTTTTTTTTTT...TTTTTTTTTMMMMMMMMMMMMMMMMMMMMMMMMMMMMMMMMMMMMMMMMTTTT...TTT.............TTT....TTMT........TTMMMMMMMMMMMMMMMMMMMMMMMMMMMMMMMMMMMMMMMMMMMMMMMMMMMMMMMMMMMMMMMMMMMMTTTT.........................................TTMMMMMMMMMMMMMMMMMMMMMMM
MMMMMMMMTTTT........TTTTTTTTTT.....................TTTTTTTTT...TTTTTTTTTMMMMMMMMMMMMMMMMMMMMMMMMMMMMMMMMMMMMMMMMTTTT...TTT.............TTT..TTTTMT........TTTMMMMMMMMMMMMMMMMMMMMMMMMMMMMMMMMMMMMMMMMMMMMMMMMMMMMMMMMMMMMMMMMMMMTTTT..........TTTTTTT.........TTTT...........TTMMMMMMMMMMMMMMMMMMMMMMM
MMMMMMMMTTTT.........TTTTTTTTT.....................TTTTTTTTT....TTTTTTTTMMMMMMMMMMMMMMMMMMMMMMMMMMMMMMMMMMMMMMMMTTTTTTTTTTTTTTT.....TTTTTTTTTTTTMT.........TTTMMMMMMMMMMMMMMMMMMMMMMMMMMMMMMMMMMMMMMMMMMMMMMMMMMMMMMMMMMMMMMMMMMTT............TTTTTTT.........TTTTTTT.........TMMMMMMMMMMMMMMMMMMMMMMM
MMMMMMMMTTTT.........TTTTTTTTT.....................TTTTTTTT.........TTTTMMMMMMMMMTMMMMTTTTMMMMMMMMMMMMTTTTMMMMTTTTTTTTTTTTTTTTT.....TTTTTTTTTTTTTTTTTT......TTTTMMMMMMMMMMMMMMMMMMMMMMMMMMMMMMMMMMMMMMMMMMMMMMMMMMMMMMMMMMMMMMMMTT...............................TTTT.........TMMMMMMMMMMMMMMMMMMMMMMM
MMMMMMMMTTTTTTTTT....TTTTTTTTT.....................TTTTTTTT.........TTTTMMMMMMMMMTTTTTTTTTTTTTTTTTTTTTTTTTTTTTTTTTTTTTTTTTTTTTT.....TTTTTTTTTTTTTTTTTT......TTTTMMMMMMMMMMMMMMMMMMMMMMMMMMMMMMMMMMMMMMMMMMMMMMMMMMMMMMMMMMMMMMMMTTTTTTT...................................TTTTTMMMMMMMMMMMMMMMMMMMMMMM
MMMMMMMMTTTTTTTTT....TTTTTTTTT.....................TTTTTTT............TTMMMMMMMMMTTTTTTTTTTTTTTTTTTTTTTTTTTTTTTTTTTTTTTTTTTTTTT.....TTTTTTTTTTTTTTTTTT.......TTTMMMMMMMMMMMMMMMMMMMMMMMMMMMMMMMMMMMMMMMMMMMMMMMMMMMMMMMMMMMMMMMMTTTTTTT...................................TTTTTMMMMMMMMMMMMMMMMMMMMMMM
MMMMMMMMTTTTTTTTT......TTTTTTT.....................TTTTTTT...........TTTMMMMMMMMMT.TTTTTTTTTTTTTTTTTTTTTTT...TTTTTTTTTTTTTTTTTT.........TTTTTMTTTTTTTT........TTMMMMMMMMMMMMMMMMMMMMMMMMMMMMMMMMMMMMMMMMMMMMMMMMMMMMMMMMMMMMMMMMTTTTTTT.TTT...............................TTTTTMMMMMMMMMMMMMMMMMMMMMMM
MMMMMMMMTTTTTTTTT......TTT............................TTTT..........TTTTMMMMMMMMMT.....TTTTTTT.....TTTTTTT...TTTTTTTTTTTTTTTTT.............TTTTTTTTTTT........TTMMMMMMMMMMMMMMMMMMMMMMMMMMMMMMMMMMMMMMMMMMMMMMMMMMMMMMMMMMMMMMMMTTTTTTT.TTTT.........................TTT..TTTTTMMMMMMMMMMMMMMMMMMMMMMM
MMMMMMMMTTTTTTTTT......TTT............................TTTT..........TTTTMMMMMMMMMT.....TTTTTTT.........TTT...TTTTTTTTTTT..TTT...............TTTTTTTTTT........TTMMMMMMMMMMMMMMMMMMMMMMMMMMMMMMMMMMMMMMMMMMMMMMMMMMMMMMMMMMMMMMMMTTTTTTTTTTTTTTTTTTTTT.......TTTTTTTTTTTTTTTTTTTMMMMMMMMMMMMMMMMMMMMMMM
MMMMMMMMTTTTTTTTT......TTT............................TTTT..........TTTTMMMMMMMMMT.....TTT..........TT.TTT...TTTTTMTTT........................TTTTTTTT........TTMMMMMMMMMMMMMMMMMMMMMMMMMMMMMMMMMMMMMMMMMMMMMMMMMMMMMMMMMMMMMMMMTTTTTTTTTTTTTTTTTTTTT.......TTTTTTTTTTTTTTTTTTTTMMMMMMMMMMMMMMMMMMMMMM
MMMMMMMMTTTTTTTTT...................................................TTTTTMMMMMMMMTTT..TTTT...........TTTTT...TTTTTT..........................TTTTTTTTT........TTMMMMMMMMMMMMMMMMMMMMMMMMMMMMMMMMMMMMMMMMMMMMMMMMMMMMMMMMMMMMMMMMMTTTTTTTTTTTTTTTTTTTTT....TTTTTTTTTTTTTTTTTTTTTTMMMMMMMMMMMMMMMMMMMMMM
MMMMMMMMTTTTT.......................................................TTTTTMMMMMMMTTTT..TTTT............TTTT...TTTTTT..........................TTTTTTTTT........TTMMMMMMMMMMMMMMMMMMMMMMMMMMMMMMMMMMMMMMMMMMMMMMMMMMMMMMMMMMMMMMMMMTTTTTTTTTTTTTTTTTTTTT....TTTTTTTTTTTTTTTTTTTTTTMMMMMMMMMMMMMMMMMMMMMM
MMMMMMMMTTTTT......................................................TMTTTTMMMMMMMTTTT..TTTT..TT........TTTT...TTTTTT..........................TTTTTTTTTT.......TTMMMMMMMMMMMMMMMMMMMMMMMMMMMMMMMMMMMMMMMMMMMMMMMMMMMMMMMMMMMMMMMMMTTTTTTMMMMMMMMMMTTTTT....TTTTTMMMMMMMMMMMTTTTTTMMMMMMMMMMMMMMMMMMMMMM
MMMMMMMMTTTTTTTTT......TTT............................TTTT.........TT.TTMMMMMMMMTTTT..TTTTTTTTTT......TTTT...TTTTTT............................TTTTTTTT.......TTMMMMMMMMMMMMMMMMMMMMMMMMMMMMMMMMMMMMMMMMMMMMMMMMMMMMMMMMMMMMMMMMMMMMMMMMMMMMMMMMMT............TMMMMMMMMMMMMMMMMMMMMMMMMMMMMMMMMMMMMMMM
MMMMMMMMTTTTTTTTT......TTT............................TTTT............TTMMMMMMMMTTTT...TTTTTTTTT.............TTTTTTT...........................TTTTTTTT.......TTMMMMMMMMMMMMMMMMMMMMMMMMMMMMMMMMMMMMMMMMMMMMMMMMMMMMMMMMMMMMMMMMMMMMMMMMMMMMMMMMMT............TMMMMMMMMMMMMMMMMMMMMMMMMMMMMMMMMMMMMMMM
MMMMMMMMTTTTTTTTT......TTT............................TTTT............TTMMMMMMMMTTTT...TTTTTTTTT.............TTTTTTT...........................TTTTTT.........TTMMMMMMMMMMMMMMMMMMMMMMMMMMMMMMMMMMMMMMMMMMMMMMMMMMMMMMMMMMMMMMMMMMMMMMMMMMMMMMMMMT............TMMMMMMMMMMMMMMMMMMMMMMMMMMMMMMMMMMMMMMM
MMMMMMMMTTTTTTTTT......TTTTTTT.....................TTTTTTT............TTMMMMMMMMTTTT...TTTTTTTTT............TTTTTTTT...........................TTT............TTMMMMMMMMMMMMMMMMMMMMMMMMMMMMMMMMMMMMMMMMMMMMMMMMMMMMMMMMMMMMMMMMMMMMMMMMMMMMMMMMMT............TMMMMMMMMMMMMMMMMMMMMMMMMMMMMMMMMMMMMMMM
MMMMMMMMTTTTTTTTT......TTTTTTT.....................TTTTTTT.........T..TTMMMMMMMMTTTT......................TTTTTTTTT........TT..................TTT............TTMMMMMMMMMMMMMMMMMMMMMMMMMMMMMMMMMMMMMMMMMMMMMMMMMMMMMMMMMMMMMMMMMMMMMMMMMMMMMMMMMT............TMMMMMMMMMMMMMMMMMMMMMMMMMMMMMMMMMMMMMMM
MMMMMMMMTTTTTTTTT....TTTTTTTTT.....................TTTTTTTT........TTTTTMMMMMMMTTTT.......................TTTTTTTTTT......TTTTT...............................TTMMMMMMMMMMMMMMMMMMMMMMMMMMMMMMMMMMMMMMMMMMMMMMMMMMMMMMMMMMMMMMMMMMMMMMMMMMMMMMMMMT............TMMMMMMMMMMMMMMMMMMMMMMMMMMMMMMMMMMMMMMM
MMMMMMMMTTTT.........TTTTTTTTT.....................TTTTTTTTTTTTT....TTTTMMMMMMMTTTT.......................TTTTTTTTTT......TTTTT...............................TTMMMMMMMMMMMMMMMMMMMMMMMMMMMMMMMMMMMMMMMMMMMMMMMMMMMMMMMMMMMMMMMMMMMMMMMMMMMMMMMMMT............TMMMMMMMMMMMMMMMMMMMMMMMMMMMMMMMMMMMMMMM
MMMMMMMMTTTTTT.......TTTTTTTTT.....................TTTTTTTTTTTTT....TTTTMMMMMMMTTTTTT.....................TTTTTTTTTT......TTTTT...............................TTMMMMMMMMMMMMMMMTTTTTTTTTTTTTTTTTTTTTTTTTTMMMMMMMMMMMMMMMMMMMMMMMMMMMMMMMMMMMMMMMMT............TMMMMMMMMMMMMMMMMMMMMMMMMMMMMMMMMMMMMMMM
MMMMMMMMTTTTTT.......TTTTTTTTT.....................TTTTTTTTTTTTT.....TTTMMMMMMMTTTTTT.......................TTTTTTTT......TTTTT................TTT............TTMMMMMMMMMMMMMMTTTTTTTTTTTTTTTTTTTTTTTTTTTMMMMMMMMMMMMMMMMMMMMMMMMMMMMMMMMMMMMMMMMT............TMMMMMMMMMMMMMMMMMMMMMMMMMMMMMMMMMMMMMMM
MMMMMMMMTTTTTT........TTTTTTTTTTT..............TTTTTTTTTTTTTTTTT.....TTTMMMMMMMMTTTTTT.......................TTTTTT........TT..................TTT............TTMMMMMMMMMMMMMTTTTTTTT...TTTTT.......TTTTTMMMMMMMMMMMMMMMMMMMMMMMMMMMMMMMMMMMMMMMMT............TMMMMMMMMMMMMMMMMMMMMMMMMMMMMMMMMMMMMMMM
MMMMMMMMTTTTTT........TTTTTTTTTTTTTT.........TTTTTTTTTTTTTTTTTTT.....TTTMMMMMMMMTTTTTT.......................TTTTTT......TTTTTT..............TTTTT............TTMMMMMMMMMMMMTTTTTTTTT...TTTTT........TTTMMMMMMMMMMMMMMMMMMMMMMMMMMMMMMMMMMMMMMMMMT............TMMMMMMMMMMMMMMMMMMMMMMMMMMMMMMMMMMMMMMM
MMMMMMMMTTTTTT......TTTTMTTTTTTTTTTT.........TTTTTTTTTTTTTTTTTTT.....TTTMMMMMMMMTTMTT........................TTTTTTT.....TTTTTT.............TTTTTT............TTMMMMMMMMMMMTTTTTTTTT....TTTTT......T...TTMMMMMMMMMMMMMMMMMMMMMMMMMMMMMMMMMMMMMMMMTTTT......TTTTMMMMMMMMMMMMMMMMMMMMMMMMMMMMMMMMMMMMMMM
MMMMMMMMTTTTTTTTTTTTTTTTMTTTTTTTTTTT.........TTTTTTTTTTTTTTTTTTTTTT..TTTMMMMMMMMTTMTT..TTT.............TTT...TTTTTTTT....TTTTTT.............TTTTTT............TTMMMMMMMMMMTTTTTTTTT................T...TTMMMMMMMMMMMMMMMMMMMMMMMMMMMMMMMMMMMMMMMMTTTT......TTTTMMMMMMMMMMMMMMMMMMMMMMMMMMMMMMMMMMMMMMM
MMMMMMMMTTTTTTTTTTTTTTTTTTTTTTTTTTTTTTT...TTTTTTTTTTTTTTTTTTTTTTTTTTTTTTTMMMMMMMTTTTTTTTTTTTTTT....TTTTTTTTTTTTTTTTTT....TTTTTT..............TTTTTT...........TTMMMMMMMMMTTTTTTTTTTT...............T...TTMMMMMMMMMMMMMMMMMMMMMMMMMMMMMMMMMMMMMMMMTTTT......TTTTMMMMMMMMMMMMMMMMMMMMMMMMMMMMMMMMMMMMMMM
MMMMMMMMTTTTTTTTTTTTTTTTTTTTTTTTTTTTTTT...TTTTTTTTTTTTTTTMMMMMTTTTMMMMMMMMMMMMMMTTTTTTTTTTTTTTT....TTTTTTTTTTTTTTTTTT....TTTTTT..............TTTTTT...........TTMMMMMMMMTTTTT.TTTTTT...................TTMMMMMMMMMMMMMMMMMMMMMMMMMMMMMMMMMMMMMMMMTT...........TMMMMMMMMMMMMMMMMMMMMMMMMMMMMMMMMMMMMMMM
MMMMMMMMMMMMMMMMMMMMMMMMMMMMMMMMMTTTTTT...TTTTTMMMMMMMMMTTTTTTTTTTTTTTTTTTTTTTTTTTTTTTTTTTTTTTT....TTTTTMMMMMMMMTTTT.....TTTTTT..............TTTTT............TMMMMMMMMMTTTTT..TTTT.....................TT...TTTMMMMMMMMMMMMMMMMMMMMMMMMMMMMMMMMMMT...........TMMMMMMMMMMMMMMMMMMMMMMMMMMMMMMMMMMMMMMM
MMMMMMMMMMMMMMMMMMMMMMMMMMMMMMMMMTTTTTT...T.TTTMMMMMMMMMTTTTTTTTTTTTTTTTTTTTTTTTTTTTTTTTTT...........TTTMMMMMMMMTTT......TTTTTT.............TTTTTT............TMMMMMMMMMTTTTT....T.......................T...TTTMMMMMMMMMMMMMMMMMMMMMMMMMMMMMMMMMMT...........TMMMMMMMMMMMMMMMMMMMMMMMMMMMMMMMMMMMMMMM
MMMMMMMMMMMMMMMMMMMMMMMMMMMMMMMMMTTTT.......TTTMMMMMMMMMTTTT......TTTTTTT.....TTTT....TTTT.............TMMMMMMMMTTTT.......TT...............TTTTTT............TMMMMMMMMMTTTT................................TTTTMMMMMMMMMMMMMMMMMMMMMMMMMMMMMMMMMMT...........TMMMMMMMMMMMMMMMMMMMMMMMMMMMMMMMMMMMMMMM
MMMMMMMMMMMMMMMMMMMMMMMMMMMMMMMMMT............TMMMMMMMMMTTTT...................TT.....TTTTT............TMMMMMMMMTTTT.T.........TTT.......TTTMMTTTT............TMMMMMMMMMTTTT............................T....TTTMMMMMMMMMMMMMMMMMMMMMMMMMMMMMMMMMMT...........TMMMMMMMMMMMMMMMMMMMMMMMMMMMMMMMMMMMMMMM
MMMMMMMMMMMMMMMMMMMMMMMMMMMMMMMMMT............TMMMMMMMMMTTTT.............TTTTT........TTTT.............TMMMMMMMMTTTT..T.....TTTTTT.TTTTTTTTTMMTTTT............TMMMMMMMMMTTTT...........................TTT...TTTMMMMMMMMMMMMMMMMMMMMMMMMMMMMMMMMMMT...........TMMMMMMMMMMMMMMMMMMMMMMMMMMMMMMMMMMMMMMM
MMMMMMMMMMMMMMMMMMMMMMMMMMMMMMMMMT............TMMMMMMMMMTTTT.............TTTTT.........TTT.............TMMMMMMMMTTMMTTTTTTTTTTTTTT.TTTTTTTTMMMTTTT............TMMMMMMMMMTTTTT.........................TTTTT...TTMMMMMMMMMMMMMMMMMMMMMMMMMMMMMMMMMMT...........TMMMMMMMMMMMMMMMMMMMMMMMMMMMMMMMMMMMMMMM
MMMMMMMMMMMMMMMMMMMMMMMMMMMMMMMMMT............TMMMMMMMMMTTTT..TTTT........TTTT.........TTT.............TMMMMMMMMTTTTTTTTTTTTTTTTTTTTTTTTTTTTTTTTTT............TMMMMMMMMMTTTTT....T...................TTTTTT...TTMMMMMMMMMMMMMMMMMMMMMMMMMMMMMMMMMMT...........TMMMMMMMMMMMMMMMMMMMMMMMMMMMMMMMMMMMMMMM
MMMMMMMMMMMMMMMMMMMMMMMMMMMMMMMMMT............TMMMMMMMMMTTTT.TTTTTT.......TTT........TTTTTT............TTMMMMMMMTTTTTTTTTTTTTTTTTTTTTTTTTTTTTTTTTT............TMMMMMMMMMTTTTT...TTT.................TTTTTTT...TTMMMMMMMMMMMMMMMMMMMMMMMMMMMMMMMMMMT...........TMMMMMMMMMMMMMMMMMMMMMMMMMMMMMMMMMMMMMMM
MMMMMMMMMMMMMMMMMMMMMMMMMMMMMMMMMT............TMMMMMMMMMTTTT...TTT........TTT........TTTTTT............TTMMMMMMMMMMMMMMMMMMMMMMMMMMMMMMMMMMMMMMMMT............TMMMMMMMMMMTTTT..TTTTT.................TTTTTTTTTTTMMMMMMMMMMMMMMMMMMMMMMMMMMMMMMMMMT............TMMMMMMMMMMMMMMMMMMMMMMMMMMMMMMMMMMMMMMM
MMMMMMMMMMMMMMMMMMMMMMMMMMMMMMMMMTTTT.......TTTMMMMMMMMMTTTT...TTT........TTT........TTTTTT............TTMMMMMMMMMMMMMMMMMMMMMMMMMMMMMMMMMMMMMMMMT............TMMMMMMMMMMMTTTTTTTTTT..................TTTTTTTTMMMMMMMMMMMMMMMMMMMMMMMMMMMMMMMMMMT.............TMMMMMMMMMMMMMMMMMMMMMMMMMMMMMMMMMMMMMMM
MMMMMMMMMMMMMMMMMMMMMMMMMMMMMMMMMTTTT.......TTTMMMMMMMMMTTTT.TTTTTT.......TTT..........TTT.............TTMMMMMMMMMMMMMMMMMMMMMMMMMMMMMMMMMMMMMMMMT............TMMMMMMMMMMMMTTTTTTTT......................TTTTTMMMMMMMMMMMMMMMMMMMMMMMMMMMMMMMMT...............TMMMMMMMMMMMMMMMMMMMMMMMMMMMMMMMMMMMMMMM
MMMMMMMMMMMMMMMMMMMMMMMMMMMMMMMMMTTTT.......TTTMMMMMMMMMTTTT.TTTTTT.......TTT..........TTT.............TTMMMMMMMMMMMMMMMMMMMMMMMMMMMMMMMMMMMMMMMMT............TMMMMMMMMMMMMMTTTTTT....................TTTTTTTMMMMMMMMMMMMMMMMMMMMMMMMMMMMMMMMT................TMMMMMMMMMMMMMMMMMMMMMMMMMMMMMMMMMMMMMMM
MMMMMMMMMMMMMMMMMMMMMMMMMMMMMMMMMTTTT.......TTTMMMMMMMMMTTTT...TTT........TTT..........TTT.............TTMMMMMMMMMMMMMMMMMMMMMMMMMMMMMMMMMMMMMMMMT............TMMMMMMMMMMMMMMTTTTTTT.........TTT......TTTTTTMMMMMMMMMMMMMMMMMMMMMMMMMMMMMMMMT..............TTTTMMMMMMMMMMMMMMMMMMMMMMMMMMMMMMMMMMMMMMM
MMMMMMMMMMMMMMMMMMMMMMMMMMMMMMMMMT............TMMMMMMMMMTTTT..............TTT..........TTT............TTTMMMMMMMMMMMMMMMMMMMMMMMMMMMMMMMMMMMMMMMMT............TMMMMMMMMMMMMMMMTTTTTT.........TTT......TTTTTMMMMMMMMMMMMMMMMMMMMMMMMMMMMMMMT................TTTTMMMMMMMMMMMMMMMMMMMMMMMMMMMMMMMMMMMMMMM
MMMMMMMMMMMMMMMMMMMMMMMMMMMMMMMMMT............TMMMMMMMMMTTTT..............TTT..........TTT............TTTTTTTTTTMMMMMMMMMMMMMMMMMMMMMMMMMMMMMMMMMT............TMMMMMMMMMMMMMMMMTTTTTTTT.....TTTTTTTTTTTTTTMMMTMMMMMMMMMMMMMMMMMMMMMMMMMMMT.................TTTTMMMMMMMMMMMMMMMMMMMMMMMMMMMMMMMMMMMMMMM
MMMMMMMMMMMMMMMMMMMMMMMMMMMMMMMMMT............TMMMMMMMMMTTTT..............TTT..........TTT............TTTTTTTTTTMMMMMMMMMMMMMMMMMMMMMMMMMMMMMMMMMTT...........TMMMMMMMMMMMMMMMMTTTTTTTT.....TTTTTTTTTTTTTTTTTTMMMMMMMMMMMMMMMMMMMMMMMMMT......................TMMMMMMMMMMMMMMMMMMMMMMMMMMMMMMMMMMMMMMM
MMMMMMMMMMMMMMMMMMMMMMMMMMMMMMMMMT............TMMMMMMMMMTTTTTTTTTTTTTT....TTT..........TTT...................TTTMMMMMMMMMMMMMMMMMMMMMMMMMMMMMMMMTTT...........TTMMMMMMTTTTTTTTTTTTTTTTT.....TTTTTTTTTTTTTTTTTTMMMMMMMMMMMMMMMMMMMMMMMMT.......................TMMMMMMMMMMMMMMMMMMMMMMMMMMMMMMMMMMMMMMM
MMMMMMMMMMMMMMMMMMMMMMMMMMMMMMMMMT............TMMMMMMMMMTTTTTTTTTTTTTT....TTT..........TTT.....................TTTTTTTTTTTTTTTTTTTTTTTTTTTTTTTTTTT............TTTTTTTTTTTTTTTTTTTT............TTTTTTTTTTTTTTTTTTTTTTTTTTTTTTTTTTTTTTTT........................TMMMMMMMMMMMMMMMMMMMMMMMMMMMMMMMMMMMMMMM
MMMMMMMMMMMMMMMMMMMMMMMMMMMMMMMMMT............TMMMMMMMMMTTTTTTTTTTTTTT....TTT..........TTT.....................TTTTTTTTTTTTT....TT...........................................................................TTTT.............TTTT............................TMMMMMMMMMMMMMMMMMMMMMMMMMMMMMMMMMMMMMMM
MMMMMMMMMMMMMMMMMMMMMMMMMMMMMMMMMT............TMMMMMMMMMMMTTTTT...TT...........................................TTTTTTTTTTTTT....TT...........................................................................TTTT.............TTTT............................TMMMMMMMMMMMMMMMMMMMMMMMMMMMMMMMMMMMMMMM
MMMMMMMMMMMMMMMMMMMMMMMMMMMMMMMMMT............TMMMMMMMMMMMTT.......TT..........................................TTTTTTTTTTTTT....TT...........................................................................TTTT.............................................TMMMMMMMMMMMMMMMMMMMMMMMMMMMMMMMMMMMMMMM
MMMMMMMMMMMMMMMMMMMMMMMMMMMMMMMMMT............TMMMMMMMMMMMTT.TTT....T..........................................TTTTTTTTTTTTT.................................................................................................................................TTMMMMMMMMMMMMMMMMMMMMMMMMMMMMMMMMMMMMMMM
MMMMMMMMMMMMMMMMMMMMMMMMMMMMMMMMMT............TMMMMMMMMMTTTTTTTTT...........................................................................................................................................................................................TTTMMMMMMMMMMMMMMMMMMMMMMMMMMMMMMMMMMMMMMM
MMMMMMMMMMMMMMMMMMMMMMMMMMMMMMMMMT............TMMMMMMMMMTTTTTTTTT..........................................................................................................................................................................................TTTTMMMMMMMMMMMMMMMMMMMMMMMMMMMMMMMMMMMMMMM
MMMMMMMMMMMMMMMMMMMMMMMMMMMMMMMMMT............TMMMMMMMMMTTTTTTTTT.........................................................................................................................................................................................TTTTTMMMMMMMMMMMMMMMMMMMMMMMMMMMMMMMMMMMMMMM
MMMMMMMMMMMMMMMMMMMMMMMMMMMMMMMMMT............TMMMMMMMMMTTTTTTTT...............................................TTT.............................................................TTT..................................................................TTTTTTTTTTTMMMMMMMMMMMMMMMMMMMMMMMMMMMMMMMMMMMMMMM
MMMMMMMMMMMMMMMMMMMMMMMMMMMMMMMMMT............TMMMMMMMMMTTTT...................................................TTT.............................................TTTT............TTT............................................................TTTTTTTTTTTTTTTTTMMMMMMMMMMMMMMMMMMMMMMMMMMMMMMMMMMMMMMM
MMMMMMMMMMMMMMMMMMMMMMMMMMMMMMMMMT............TMMMMMMMMMTTTTTTT....TT..........................................TTT.............................................TTTT............TTT............................................TTTT............TTTTTTTTTTTTTTTTTMMMMMMMMMMMMMMMMMMMMMMMMMMMMMMMMMMMMMMM
MMMMMMMMMMMMMMMMMMMMMMMMMMMMMMMMMT............TMMMMMMMMMTTTTTTTTTTTTTT....TTT..........TTT...................TTTTT.............................................TTTTTTTT.....TTTTTTTTT.......TTTTT.............................TTTT.............TTTTTTTTTTTTTTTTMMMMMMMMMMMMMMMMMMMMMMMMMMMMMMMMMMMMMMM
MMMMMMMMMMMMMMMMMMMMMMMMMMMMMMMMMT............TMMMMMMMMMTTTTTTTTTTTTTT....TTT..........TTT............TTTT...TTTTT......................TTTTTTTTT..............TTTTTTTT.....TTTTTTTTT.......TTTTTTTTTTTTTTTTTTTTTTTTTTTTTTTTTTTTTTTTTTTTTTTTTTTTTTTTTTTTTTTTTTTMMMMMMMMMMMMMMMMMMMMMMMMMMMMMMMMMMMMMMM
MMMMMMMMMMMMMMMMMMMMMMMMMMMMMMMMMT............TMMMMMMMMMTTTTTTTTTTTTTT....TTT..........TTT............TTTTTTTTTTMM.....................TMMMMMMMMTTTTTTTTTTTTTTTTTTTTTTTTTTTTTTTTTTTTTTT....TTTTTTTTTTTTTTTTTTTTTTTTTTTTTTTTTTTTTMMMMMMMMMMMMMMMMMMTTTTTTTTTTTTTMMMMMMMMMMMMMMMMMMMMMMMMMMMMMMMMMMMMMMM
MMMMMMMMMMMMMMMMMMMMMMMMMMMMMMMMMTT...........TMMMMMMMMMTTTT..............TTT..........TTT............TTTMMMMMMMMM....................TMMMMMMMMMTTTTTTTTTTTTTTTTMMMMMMMMMMMMMMMMTTTTTTT....TTTTTTTTTTTTTTTTTTTTTTTTTTTTTTTTTTTTTMMMMMMMMMMMMMMMMTTTTTTTTTTTTTTTTTTTTTTTTTTTTTTTTTTTTTTT...TTTTTTMMMMMM
MMMMMMMMMMMMMMMMMMMMMMMMMMMMMMMMMMT...........TMMMMMMMMMTTTT..............TTT..........TTT............TTTMMMMMMMMM....................MMMMMMMMMMMMMMMMMMMMMMMMMMMMMTTTTTTTTTTTTTTTTTTTT....TTTTTTTTTTTTTTTTTTTTTTTTTTTTTTTTTTTTTMMMMMMMMMMMMMMMMTTTTTTT..TTTTTTTTTTTTTTTTTTTTTTTTTTTTTT...TTTTTTMMMMMM
MMMMMMMMMMMMMMMMMMMMMMMMMMMMMMMMMMT...........TMMMMMMMMMTTTT....TTT.......TTT..........TTT.............TTMMMMMMMMM..............TTT..TMMMMMMMMMMMMMMMMMMMMMMMMMMMMMTTTTTTTTTTTTTTTTTT......TTTTTTTTTT.TTTT.TTTTTTTTTT.......TTTTTTMMMMMMMMMMMMTTTTTTT.......TTTTTTTTTTTTTTTTTTTTTTT........TTTTTMMMMMM
MMMMMMMMMMMMMMMMMMMMMMMMMMMMMMMMMMT...........TMMMMMMMMMTTTT...TTTTT......TTT..........TTT.............TTMMMMMMMMM..............TTTTTMMMMMMMMMMMMMMMMMMMMMMMMMMMMMMTTT.....TTTTTTTTTT......TTTTTTTTTT.TTTT.TTTTTTTTTT.......TTTTTTMMMMMMMMMMMMTT...............TTTTTTTTTTTTTTTTTTTT........TTTTTMMMMMM
MMMMMMMMMMMMMMMMMMMMMMMMMMMMMMMMMMT...........TMMMMMMMMMTTTT...TTTTT......TTTTT.....TT.TTT.............TTMMMMMMMMM..............TTTTMMMMMMMMMMMMMMMMMMMMMMMMMMMMMMMTTT.....TTTTTTTTTT......TTTTTTTTTT......TTTTTTTTTT.........TTTTMMMMMMMMMMMMTT...............TTTTTTTTTTTTTTTTTTTT........TTTTTMMMMMM
MMMMMMMMMMMMMMMMMMMMMMMMMMMMMMMMMMT...........TMMMMMMMMMTTT...............TTTTTTTTTTTTTTTTTTTTTTTTTTTTTTTMMMMMMMMM...............TTTMMMMMMMMMMMMMMMMMMMMMMMMMMMMMMMTTT.....TTTTTTTTTT......TTTTTTTTTT......TTTTTTTTTT.........TTTTMMMMMMMMMMMMTT.................TTTTTTTTTTTTTTTTTT........TTTTTMMMMMM
MMMMMMMMMMMMMMMMMMMMMMMMMMMMMMMMMMT............TMMMMMMMMTTT...............TTTTTTTTTTTTTTTTTTTTTTTTTTTTTTTMMMMMMMMM................TMMMMMMMMMMMMMMMMMMMMMMMMMMMMMMMMT.......TTTTTTTTTT......TTTTTTTTTT......TTTTTTTTTT...........TTMMMMMMMMMMMMTT..........................TTTTTTTT.........TTTTTMMMMMM
MMMMMMMMMMMMMMMMMMMMMMMMMMMMMMMMMMT.............TMMMMMMMTTTTTTTTTTTTTTTTTTTTTTTTTTTTTTTTTTTTTTTTTTTTTTTTTMMMMMMMMM...............TMMMMMMMMMMMMMMMMMMMMMMMMMMMMMMMMMT...........................TTT..TT.........TTT..............TTMMMMMMMMMMMMTTTTTTT......................TTTTTTT.........TTTTTMMMMMM
MMMMMMMTMMMTTTTTTTTTTTMMTMMMMMMMMMT.............TMMMMMMMTTTTTTTTTTTTTTTTTTTTTTTTTTTTTTTTTTTTTTTTTTTTTTTTTMMMMMMMMM...............MMMMMMMMMMMMMMMMMMMMMMMMMMMMMMMTTTT...........................TTT..TTT........TTT..............TTMMMMMMMMMMMMTTTTTTT.......................TT.TTT.........TTTTTMMMMMM
MMMMMMTTTTTTTTTTTTTTTTTTTTTMMMMMMMT..............TMMMMMMMMMMMMMMMMMMMMMMMMMMMMMMMMMTTTTTTTTTTTMMMMMMMMMMMMMMMMMMMM..............TMMMMMMMMMMMMMMMMMMMMMMMMMMMMMMMTTTTTT......................TT.TTT..TTT.TTT....TTTTTT...........TTMMMMMMMMMMMMTTTTTTT.........................................TTMMMMMM
MMMMMTTTTTTTTTTTTTTTTTTTTTTMMMMMMMT...............MMMMMMMMMMMMMMMMMMMMMMMMMMMMMMMMMTTT.....TTTMMMMMMMMMMMMMMMMMMMM.............TMMMMMMMMMMMMMMMMMMMMMMMMMMMMMMMMTTTTTT......................TT.TTT......TTT.TTTTTTTTTT..........TTMMMMMMMMMMMMTT..............................................TTMMMMMM
MMMMMTTTTT...TTTTTTTTMTTTTTMMMMMMMT...............TMMMMMMMMMMMMMMMMMMMMMMMMMMMMMMMTTT.TTTT..TTTMMMMMMMMMMMMMMMMMMM.............MMMMMMMMMMMMMMMMMMMMMMMMMMMMMMMMMTTTTT.......................TTTTTT......TTT.TTTTTT.TTTTT........TTMMMMMMMMMMMMTT..............................................TTMMMMMM
MMMMTTTTT............TTTTTTTMMMMMMT...............TTMMMMMMMMMMMMMMMMMMMMMMMMMMMMTTTT..TTTT...TTTMMMMMMMMMMMMMMMMMM.............MMMMMMMMMMMMMMMMMMMMMMMMMMMMMMMMMTTTT.........................TTTT............TT......TTT........TTMMMMMMMMMMMMTT...............TTTT...........................TTMMMMMM
MMMTTTTTT............TTT.TTTTMMMMMT.............TTTTMMMMMMMMMMMMMMMMMMMMMMMMMMMMTTT...........TTMMMMMMMMMMMMMMMMMM.............MMMMMMMMMMMMMMMMMMMMMMMMMMMMMMMMMTTTT..........................TTT...............................TTMMMMMMMMMMMMTTT..............TTTT...........................TTMMMMMM
MTTTTMTTT............TTT..TTTTMMMMT.............TTTTTMMMMMMMMMMMMMMMMMMMMMMMMMMMTT............TTMMMMMMMMMMMMMMMMMM.............MMMMMMMMMMMMMMMMMMMMMMMMMMMMMMMMMTTTT..........TTT..............TTT.............................TTTMMMMMMMMMMMTTTT..............TTTT..........................TTTMMMMMM
MTTTMTTT...................TTTTTTMT..............TTTTTMMMMMMMMMMMMMMMMMMMMMMMMMMTT.TT.......TTTTMMMMMMMMMMMMMMMMMM.............MMMMMMMMMMMMMMMMMMMMMMMMMMMMMMMMMTTTT.T.TTT....TTT..............................................TTTTMMMMMMMMMTTTTTT.........TTTTTTTTTTT.......................TTTTMMMMM
TTTTTTT....................TTTTTTMT...............TTT.TMMMMMMMMMMMMMMMMMMMMMMMMMTT.TT.TTTT..TTTTMMMMMMMMMMMMMMMMMMT...........TMMMMMMMMMMMMMMMMMMMMMMMMMMMMMMMMMTTTT.T.TTT....TTT.............................................TTTTTTTMMMMMTTTTTTTT.........TTTTTTTTTTT......................TTTTTTTMMM
TTTTTT.......................TTTTMT....................TMMMMMMMMMMMMMMMMMMMMMMMMTT.TT.TTTT..TTTTMMMMMMMMMMMMMMMMTTT...........TTMMMMMMMMMMMMMMMMMMMMMMMMMMMMMMMMTTTT...TTT.....................................................TTTTTTTTMTTTTTTTTT..........TTTTTTTTTTT.......................TTTTTTTTM
MTTTTT......................TTTTTTT....................TMMMMTTTTTTTTTTTTTTTTTTTTTT.TT.TTTT..TTTTTTTTTTTTTTTTTTTTTT............TTMMMMMMMMMMMMMMMMMMMMMMMMMMMMMMMMTTTTT....T.......................................................TTTTTTTTTTTTTT................TTTTTTT.........................TTTTTTT
TTMTTT.....................TTTTTTT............................................TTTTT..........TTTTTT........................TTTTTMMMMMMMMMMMMMMMMMMMMMMMMMMMMMMMMTTTTTTT..T........................................................TTTTTTTTTTTT.................TTTTTT...........................TTTTTT
TTTTTTT......TTTTTTT.......TTTTTTT............................................TTTTT..........TTTTTT........................TTTTTMMMMMMMMMMMMMMMMMMMMMMMMMMMMMMMMTTTTTTTTT...........................................................TTTTTTTT...................TTTTT..............................TTTT
TTTTTTT......TTTTTTT...........TTT..............................................TTT...........TT...........................TTTTTMMMMMMMMMMMMMMMMMMMMMMMMMMMMMMMMTTMMTTTTTT.......................................................................................TT..................................T
TTTTTTT......TTTTTTT...........TTT.........................................................................................TTTTTMMMMMMMMMMMMMMMMMMMMMMMMMMMMMMMMTTMTTTTTTT...........................................................................................................................T
TTTTTTT......TTTTTTT.......................................................................................................TTTTTMMMMMMMMMMMMMMMMMMMMMMMMMMMMMMMMTTTTTTTTTTT..........................................................................................................................T
TTT..........TTTTTTT.......................................................................................................TTTTTMMMMMMMMMMMMMMMMMMMMMMMMMMMMMMMMTTTTTTTTTTT..........................................................................................................................T
TTT..........TTTTTTT.......................................................................................................TTTTTMMMMMMMMMMMMMMMMMMMMMMMMMMMMMMMMTTTTTTTTT............................................................................................................................T
TTTTTTT......TTTTTTT...........TTT..........................TTT..................T.........................................TTTTTMMMMMMMMMMMMMMMMMMMMMMMMMMMMMMMMTTTTTTTTT............................................................................................................................T
TTTTTTT......TT................TTTTTT..............TTTT.....TTTT..............TTTTT...........TT..........................TTTTTTMMMMMMMMMMMMMMMMMMMMMMMMMMMMMMMMTTMTTTTTT............................................................................................................................T
TTTTTTT........................TTTTTT..............TTTTTTTTTTTTTT.............TTTTT..........TTTTTT...........................TTMMMMMMMMMMMMMMMMMMMMMMMMMMMMMMMMTTTTTTTTT............................................................TTTTTTT...................TTTT................................TTT
TT.............................TTTTTTT.............TTTTTTTTTTTTTTT............TTTTT..........TTTTTT...........................TTMMMMMMMMMMMMMMMMMMMMMMMMMMMMMMMMTTTTTTTT..T........................................................TTTTTTTTTTT.................TTTT..............................TTTTT
MT.............................TTTTTTT.............TTTTTTTTTMTTTT.............TTTT.TT.......TTTTTTT.............TT............TTMMMMMMMMMMMMMMMMMMMMMMMMMMMMMMMMTTTTTT....T.......................................................TTTTTTTTTTTTT................TTTT.............................TTTTTT
MTT.TT.......................TTTTMMMMMTTTTTTTTTTTTTTTTTTTTTMMMMMTTTTTTTTTTTTTTTTTT.TT.TTTT..TTTTTTTTTTTTTTTTTTTTTTT...........TTMMMMMMMMMMMMMMMMMMMMMMMMMMMMMMMMTTTTT...........................................................TTTTTTTTTTTTTTTTT..........TTTTTTTTTTT........................TTTTTTTT
TTTTTTT......................TTTTMMMMMMMMMMMMMMMMMMMMMMMMMMMMMMMMMMMMMMMMMMMMMMMTT.TT.TTTT..TTTTMMMMMMMMMMMMMMMMTTT...........TTMMMMMMMMMMMMMMMMMMMMMMMMMMMMMMMMTTTTMTT.......TTT............................TT...............TTTTTTTTTTTMMTTTTTTT.........TTTTTTTTTTT......................TTTTTTTTTT
TTTTTTTTTT..................TTTTTMMMMMMMMMMMMMMMMMMMMMMMMMMMMMMMMMMMMMMMMMMMMMMMTT.TT.TTTT..TTTTMMMMMMMMMMMMMMMMMMT...........TMMMMMMMMMMMMMMMMMMMMMMMMMMMMMMMMMTTTTMTT.......TTT............................TTT..............TTTTTTTTMMMMMMMTTTTT.........TTTTTTTTTTT......................TTTTTTTTMM
MTTTTMTTTT.................TTTTMMMMMMMMMMMMMMMMMMMMMMMMMMMMMMMMMMMMMMMMMMMMMMMMMTT............TTMMMMMMMMMMMMMMMMMMT...........TMMMMMMMMMMMMMMMMMMMMMMMMMMMMMMMMMTTTTT.........TTT...............T.............TTT..............TTTTTMMMMMMMMMMTTT..............TTTT..........................TTTTTMMMM
MMTTTTTTTT................TTTTMMMMMMMMMMMMMMMMMMMMMMMMMMMMMMMMMMMMMMMMMMMMMMMMMMTTT...........TTMMMMMMMMMMMMMMMMMMT...........TMMMMMMMMMMMMMMMMMMMMMMMMMMMMMMMMMTTTTT..........................TTT.............TTT..............TTMMMMMMMMMMMMTT...............TTTT...........................TTMMMMMM
MMMMTTTTT...............TTTTTMMMMMMMMMMMMMMMMMMMMMMMMMMMMMMMMMMMMMMMMMMMMMMMMMMMTTT...TTTTT..TTTMMMMMMMMMMMMMMMMMMT...........TMMMMMMMMMMMMMMMMMMMMMMMMMMMMMMMMMTTTTT........................TTTT...............TTT.............TTMMMMMMMMMMMMTT...............TTTT...........................TTMMMMMM
MMMMMTTTT..............TTTTTMMMMMMMMMMMMMMMMMMMMMMMMMMMMMMMMMMMMMMMMMMMMMMMMMMMMTTTT..TTTTT.TTTTMMMMMMMMMMMMMMMMMMT...........TMMMMMMMMMMMMMMMMMMMMMMMMMMMMMMMMMTTTTT.......................TTTTT..............TTTT.............TTMMMMMMMMMMMMTT..............................................TTMMMMMM
MMMMMTTTTTTTTTTTTT.....TTTTMMMMMMMMMMMMMMMMMMMMMMMMMMMMMMMMMMMMMMMMMMMMMMMMMMMMMMMTTT......TTTMMMMMMMMMMMMMMMMMMMMT............TMMMMMMMMMMMMMMMMMMMMMMMMMMMMMMMMTTTTT.......................TTTTTT....TTT......TTT..............TTMMMMMMMMMMMMTT..............................................TTMMMMMM
MMMMMTTTTTTTTTTTTTTTTTTTTTTMMMMMMMMMMMMMMMMMMMMMMMMMMMMMMMMMMMMMMMMMMMMMMMMMMMMMMMMTTTTTTTTTTTMMMMMMMMMMMMMMMMMMMMT.............TMMMMMMMMMMMMMMMMMMMMMMMMMMMMMMMTTTTT.......................TT.TTT....TTT......TTT..............TTMMMMMMMMMMMMTTTTTTT.........................................TTMMMMMM
MMMMMMTTMMMTTTTTTTTTTTMMTTMMMMMMMMMMMMMMMMMMMMMMMMMMMMMMMMMMMMMMMMMMMMMMMMMMMMMMMMMMMMMMMMMMMMMMMMMMMMMMMMMMMMMMMMT.............TMMMMMMMMMMMMMMMMMMMMMMMMMMMMMMMTTTTT..........................TTT...TTTTTT....TTTTT............TTMMMMMMMMMMMMTTTTTTT.........................................TTMMMMMM
MMMMMMMMMMMMMMMMMMMMMMMMMMMMMMMMMMMMMMMMMMMMMMMMMMMMMMMMTTTTTTTTTTTTTTTTTTTTTTTTTTTTTTTTTTTTTTTTTTTTTTTTTTTTTTTTTMT..............TMMMMMMMMMMMMMMMMMMMMMMMMMMMMMMMMMTT..........................TTT...TTMMTTT...TTTTTTT..........TTMMMMMMMMMMMMTTTTTTT.......................................TTTTMMMMMM
MMMMMMMMMMMMMMMMMMMMMMMMMMMMMMMMMMMMMMMMMMMMMMMMMMMMMMMMTTTTTTTTTTTTTTTTTTTTTTTTTTTTTTTTTTTTTTTTTTTTTTTTTTTTTTTTTMT...............MMMMMMMMMMMMMMMMMMMMMMMMMMMMMMMMMTT...TT.TTTTTTTTTT......TTTTTTTTTTTTMMMMTTTTTTTTTTT..........TTMMMMMMMMMMMMTT.................TTT...........TTT..........TTTTMMMMMM
MMMMMMMMMMMMMMMMMMMMMMMMMMMMMMMMMMMMMMMMMMMMMMMMMMMMMMMMTTTT..................TTTT..........................TTTTMMT...............TMMMMMMMMMMMMMMMMMMMMMMMMMMMMMMMMTTTTTTTTTTTTTTTTTT......TTTTTTTTTTMMMMMMTTTTTTTTTTT........TTTTMMMMMMMMMMMMTT.................TTTTTT........TTT..........TTTTMMMMMM
MMMMMMMMMMMMMMMMMMMMMMMMMMMMMMMMMMMMMMMMMMMMMMMMMMMMMMMMMTTT................................................TTTTMMT..............TTTMMMMMMMMMMMMMMMMMMMMMMMMMMMMMMMTTTTTTTTTTTTTTTTTT......TTTTTTTTTTMMMMMMTTTTTTTTTTT........TTTTMMMMMMMMMMMMTT...............TTTTTTTTTT.....TTTTT.........TTTTMMMMMM
MMMMMMMMMMMMMMMMMMMMMMMMMMMMMMMMMMMMMMMMMMMMMMMMMMMMMMMMMTTTT.................................................TTMMT.............TTTTMMMMMMMMMMMMMMMMMMMMMMMMMMMMMMMTTTTTTTTTTTTTTTTTT......TTTTTTTTTTTTTTTMTTTTTTTTTT.......TTTTTTMMMMMMMMMMMMTT...............TTTTTTTTTTT....TTTTT.........TTTTMMMMMM
MMMMMMMMMMMMMMMMMMMMMMMMMMMMMMMMMMMMMMMMMMMMMMMMMMMMMMMMMTTT..................................................TTMMT............TTTTTTMMMMMMMMMMMMMMMMMMMMMMMMMMMMMMTTTTTTTTTTTTTTTTTT......TTTTTTTTTTTTTTTMTTTTTTTTTT.......TTTTTTMMMMMMMMMMMMTT...........TTTTTTTTTTTTTTT....TTTTT.........TTTTMMMMMM
MMMMMMMMMMMMMMMMMMMMMMMMMMMMMMMMMMMMMMMMMMMMMMMMMMMMMMMMMTT.................TTTTTTTTTTTTTTTTTTTTTT..........TTTTMMT.............TTTTTTMMMMMMMMMMMMMMMMMMMMMMMMMMMMMTTTTTTTTTTTTTTTTTTTT....TTTTTTTTTTTTTTTTTTTTTTTTTTTTTTTTTTTTTTTMMMMMMMMMMMMTTTTTTT......TTTTTTTTTTTTTTTTTTTTTTTTTTTT...TTTTTTTMMMMM
MMMMMMMMMMMMMMMMMMMMMMMMMMMMMMMMMMMMMMMMMMMMMMMMMMMMMMMMTTT......TTTTT......TTTTTTTTTTTTTTTTTTTTTT..........TTTTTMT............TTTTTTTTMMMMMMMMMMMMMMMMMMMMMMMMMMMMMMMMMMMMMMMMMTTTTTTT....TTTTTTTTTTTTTTTTTTTTTTTTTTTTTTTTTTTTTMMMMMMMMMMMMMMMMTTTTTTT....TTTTTTTTTTTTTTTTTTTTTTTTTTTT...TTTTTTMMMMMM
MMMMMMMMMMMMMMMMMMMMMMMMMMMMMMMMMMMMMMMMMMMMMMMMMMMMMMMMTTT......TTTTT......TTTTTTTTTTTTTTTTTTTTTT..........TTTTTMT............TTTTTTTTTMMMMMMMMTTTTTTTTTTTTTTTTMMMMMMMMMMMMMMMMTTTTTTT....TTTTTMMMMMMMMMMMMMMMMMMMMMMMMMMMMMMMMMMMMMMMMMMMMMMMMMTTTTTT....TTTTMMMMMMMMMMMMMMMMMMMMMMMMMMMMMMMMMMMMMMM
MMMMMMMMMMMMMMMMMMMMMMMMMMMMMMMMMMMMMMMMMMMMMMMMMMMMMMMMTTT......TTTTT......TTTTTTTTTTTTTTTTTTTTTT.............TTTT............TTTTTTTTTMMMMTTTTTTTTTTTTTTTTTTTTTTTTTTTTTTTTTTTTTTTTT.......TTTTTTTTTTTTTTTTTTTMMMMMMMMMMMMMMMMMMMMMMMMMMMMMMMMMMTTTT.........TMMMMMMMMMMMMMMMMMMMMMMMMMMMMMMMMMMMMMMM
MMMMMMMMMMMMMMMMMMMMMMMMMMMMMMMMMMMMMMMMMMMMMMMMMMMMMMMMTTT......TTTTT......TTTTTTTTTTTTTTTTTTTTTT.............TTT............TTTTTTTTTTTTTTTTTT...............TTTTTTTT.....TTTTTTTTT.......TTTTTTTTTTTTTTTTTTTMMMMMMMMMMMMMMMMMMMMMMMMMMMMMMMMMMT............TMMMMMMMMMMMMMMMMMMMMMMMMMMMMMMMMMMMMMMM
MMMMMMMMMMMMMMMMMMMMMMMMMMMMMMMMMMMMMMMMMMMMMMMMMMMMMMMMTTT......TTTTT......TTTTTTTTTTTTTTTTTTTTTT.............TTT...........TTTTTTTTTTTTTTTTTTT...............TTTT...........TTTT.............TTTT..........TTMMMMMMMMMMMMMMMMMMMMMMMMMMMMMMMMMMT............TMMMMMMMMMMMMMMMMMMMMMMMMMMMMMMMMMMMMMMM
MMMMMMMMMMMMMMMMMMMMMMMMMMMMMMMMMMMMMMMMMMMMMMMMMMMMMMMMTTTT.....TTTTT.........................................TTT............TTTTTTTTTTTTTTTTTT.............................................................TTMMMMMMMMMMMMMMMMMMMMMMMMMMMMMMMMMMT............TMMMMMMMMMMMMMMMMMMMMMMMMMMMMMMMMMMMMMMM
MMMMMMMMMMMMMMMMMMMMMMMMMMMMMMMMMMMMMMMMMMMMMMMMMMMMMMMMTTTT.....TTTTT.........................................TTT............TTTTTTTTTTTTTTTTTTT......................................................TTT....TMMMMMMMMMMMMMMMMMMMMMMMMMMMMMMMMMMT............TMMMMMMMMMMMMMMMMMMMMMMMMMMMMMMMMMMMMMMM
MMMMMMMMMMMMMMMMMMMMMMMMMMMMMMMMMMMMMMMMMMMMMMMMMMMMMMMMTTTT.....TTTTT.........................................................TTTTTTTTTTTTTTT......................................................TTTTTT....TMMMMMMMMMMMMMMMMMMMMMMMMMMMMMMMMMMT............TMMMMMMMMMMMMMMMMMMMMMMMMMMMMMMMMMMMMMMM
MMMMMMMMMMMMMMMMMMMMMMMMMMMMMMMMMMMMMMMMMMMMMMMMMMMMMMMMTTTT.....TTTTT.........................................................TTTTTTTTTTTTTTT....................................................TTTTTTTTT..TTMMMMMMMMMMMMMMMMMMMMMMMMMMMMMMMMMMT............TMMMMMMMMMMMMMMMMMMMMMMMMMMMMMMMMMMMMMMM
MMMMMMMMMMMMMMMMMMMMMMMMMMMMMMMMMMMMMMMMMMMMMMMMMMMMMMMMTTTT.....TTTTT..........................................................TTTTTTTMMTTTTT...................................................TTTTTTTTTT..TTMMMMMMMMMMMMMMMMMMMMMMMMMMMMMMMMMMT............TMMMMMMMMMMMMMMMMMMMMMMMMMMMMMMMMMMMMMMM
MMMMMMMMMMMMMMMMMMMMMMMMMMMMMMMMMMMMMMMMMMMMMMMMMMMMMMMMTTTT.....TTTTT.........................................TTT..............TTTTTTTTTTTTTT....................................................TTTTTTTTT.TTTMMMMMMMMMMMMMMMMMMMMMMMMMMMMMMMMMMT............TMMMMMMMMMMMMMMMMMMMMMMMMMMMMMMMMMMMMMMM
MMMMMMMMMMMMMMMMMMMMMMMMMMMMMMMMMMMMMMMMMMMMMMMMMMMMMMMMTTTT.....TTTTT.........................................TTT.............TTTTTTTTTTTTTT.....................................................TTTTTTMMMTTTTMMMMMMMMMMMMMMMMMMMMMMMMMMMMMMMMMMT............TMMMMMMMMMMMMMMMMMMMMMMMMMMMMMMMMMMMMMMM
MMMMMMMMMMMMMMMMMMMMMMMMMMMMMMMMMMMMMMMMMMMMMMMMMMMMMMMMTTT.....TTTTTT.........................................TTTTT...........TTTTTTTTTTTTTT..................TTTT...........TTTT.............TTTTTTTMMMTTTTMMMMMMMMMMMMMMMMMMMMMMMMMMMMMMMMMMMMT............TMMMMMMMMMMMMMMMMMMMMMMMMMMMMMMMMMMMMMMM
MMMMMMMMMMMMMMMMMMMMMMMMMMMMMMMMMMMMMMMMMMMMMMMMMMMMMMMMTTT......TTTTT.........................................TTTTT............TTTTTTTTTTTTT..................TTTT...........TTTT.............TTTTMMMMMTTTTMMMMMMMMMMMMMMMMMMMMMMMMMMMMMMMMMMMMMT............TMMMMMMMMMMMMMMMMMMMMMMMMMMMMMMMMMMMMMMM
MMMMMMMMMMMMMMMMMMMMMMMMMMMMMMMMMMMMMMMMMMMMMMMMMMMMMMMMTTT......TTTTT.........................................TTTTTTTTTTTTTTTTTTTTTTTTTTTTTTTTTTT.............TTTT...........TTTT.............TTTTMMMMTTTTMMMMMMMMMMMMMMMMMMMMMMMMMMMMMMMMMMMMMMT............TMMMMMMMMMMMMMMMMMMMMMMMMMMMMMMMMMMMMMMM
MMMMMMMMMMMMMMMMMMMMMMMMMMMMMMMMMMMMMMMMMMMMMMMMMMMMMMMMTTT......TTTTT...............TT..T..TT.TT............TTTTMMMMMTTTTTTTTTTTTTTTTTTTTTMMMMMTTT...........TTTTTTTTTTTTTTTTTTTTT...........TTTTTMMTTTTMMMMMMMMMMMMMMMMMMMMMMMMMMMMMMMMMMMMMMMMT............TMMMMMMMMMMMMMMMMMMMMMMMMMMMMMMMMMMMMMMM
MMMMMMMMMMMMMMMMMMMMMMMMMMMMMMMMMMMMMMMMMMMMMMMMMMMMMMMMTTT......TTTTT......TTTTTTTTTTTTTTTTTTTTTT...........TTTTMMMMMMMMMMMMMMMMMMMMMMMMMMMMMMMTTTTT.........TTMMMMMMMMMMMMMMMMTTT...........TTTTTTTTTTTMMMMMMMMMMMMMMMMMMMMMMMMMMMMMMMMMMMMMMMMT............TMMMMMMMMMMMMMMMMMMMMMMMMMMMMMMMMMMMMMMM
MMMMMMMMMMMMMMMMMMMMMMMMMMMMMMMMMMMMMMMMMMMMMMMMMMMMMMMMTTT......TTTTT......TTTTTTTTTTTTTTTTTTTTTT...........TTTTMMMMMMMMMMMMMMMMMMMMMMMMMMMMMMMMTTTT.........TMMMMMMMMMMMMMMMMMMT............TMMMMMMMMMTTTTTTTTTTTTTTTTTTTTTTTTTTTTTTTTMMMMMMMMMT............TMMMMMMMMMMMMMMMMMMMMMMMMMMMMMMMMMMMMMMM
MMMMMMMMMMMMMMMMMMMMMMMMMMMMMMMMMMMMMMMMMMMMMMMMMMMMMMMMTTT......TTTTT......TTTTTTTTTTTTTTTTTTTTTT............TTMMMMMMMMMMMMMMMMMMMMMMMMMMMMMMMMMTTTT.........TMMMMMMMMMMMMMMMMMMT............TMMMMMMMMMTTTTTTTTTTTTTTTTTTTTTTTTTTTTTTTTMMMMMMMMMT............TMMMMMMMMMMMMMMMMMMMMMMMMMMMMMMMMMMMMMMM
MMMMMMMMMMMMMMMMMMMMMMMMMMMMMMMMMMMMMMMMMMMMMMMMMMMMMMMMTTTTT....TTTTT......TTTTTTTTTTTTTTTTTTTTTT............TTMMMMMMMMMMMMMMMMMMMMMMMMMMMMMMMMMTT...........TMMMMMMMMMMMMMMMMMMT............TMMMMMMMMMTTTTTTTTTTTTTTTTTTTTTTTTTTTTTTTTMMMMMMMMMT............TMMMMMMMMMMMMMMMMMMMMMMMMMMMMMMMMMMMMMMM
MMMMMMMMMMMMMMMMMMMMMMMMMMMMMMMMMMMMMMMMMMMMMMMMMMMMMMMMTTTTT....TTTTT......TTTTTTTTTTTTTTTTTTTTTT..........TTTTMMMMMMMMMMMMMMMMMMMMMMMMMMMMMMMMMT............TMMMMMMMMMMMMMMMMMMT............TMMMMMMMMMTTTTTTTTTT............TTTTTTTTTTMMMMMMMMMT............TMMMMMMMMMMMMMMMMMMMMMMMMMMMMMMMMMMMMMMM
MMMMMMMMMMMMMMMMMMMMMMMMMMMMMMMMMMMMMMMMMMMMMMMMMMMMMMMMTTTT.....TTTTT......TTTTTTT..TT.....................TTTTMMMMMMMMMMMMMMMMMMMMMMMMMMMMMMMMMT............TMMMMMMMMMMMMMMMMMMT............TMMMMMMMMMTTMTTTTTT................TTTTTTTMMMMMMMMMT............TMMMMMMMMMMMMMMMMMMMMMMMMMMMMMMMMMMMMMMM
MMMMMMMMMMMMMMMMMMMMMMMMMMMMMMMMMMMMMMMMMMMMMMMMMMMMMMMMTTTT................................................TTTTMMMMMMMMMMMMMMMMMMMMMMMMMMMMMMMMMTTT..........TMMMMMMMMMMMMMMMMMMT............TMMMMMMMMMTTMTTTTTT................TTTTTTTMMMMMMMMMT............TMMMMMMMMMMMMMMMMMMMMMMMMMMMMMMMMMMMMMMM
MMMMMMMMMMMMMMMMMMMMMMMMMMMMMMMMMMMMMMMMMMMMMMMMMMMMMMMMTTTT................................................TTTTMMMMMMMMMMMMMMMMMMMMMMMMMMMMMMMMMTTT..........TMMMMMMMMMMMMMMMMMMT............TMMMMMMMMMTTTTTTTTT................TTTTTTTMMMMMMMMMT............TMMMMMMMMMMMMMMMMMMMMMMMMMMMMMMMMMMMMMMM
MMMMMMMMMMMMMMMMMMMMMMMMMMMMMMMMMMMMMMMMMMMMMMMMMMMMMMMMTTTTT.................TTTTTTT.......................TTTTTTMMMMMTTTTMMMMMMMMMMTTTTMMMMMTTMTTT..........TMMMMMMMMMMMMMMMMMMT............TMMMMMMMMMTTTTT......................TTTTTMMMMMMMMMT............TMMMMMMMMMMMMMMMMMMMMMMMMMMMMMMMMMMMMMMM
MMMMMMMMMMMMMMMMMMMMMMMMMMMMMMMMMMMMMMMMMMMMMMMMMMMMMMMMTTTTT.................TTTTTTT.......................TTTTTTTTTTTTTTTTTTTTTTTTTTTTTTTTTTTTMT............TMMMMMMMMMMMMMMMMMMT............TMMMMMMMMMTTTTT......................TTTTTMMMMMMMMMT............TMMMMMMMMMMMMMMMMMMMMMMMMMMMMMMMMMMMMMMM
MMMMMMMMMMMMMMMMMMMMMMMMMMMMMMMMMMMMMMMMMMMMMMMMMMMMMMMMTTTTT.................TTTTTTT.......................TTTTTTTTTTTTTTTTTTTTTTTTTTTTTTTTTTTTMT............TMMMMMMMMMMMMMMMMMMT............TMMMMMMMMMTTT...........................TTMMMMMMMMMT............TMMMMMMMMMMMMMMMMMMMMMMMMMMMMMMMMMMMMMMM
MMMMMMMMMMMMMMMMMMMMMMMMMMMMMMMMMMMMMMMMMMMMMMMMMMMMMMMMTT....................................................TTTTTTTTTTTTTTTTTTTTTTTTTTTTTTTTTTMT............TMMMMMMMMMMMMMMMMMMT............TMMMMMMMMMTTTTTTTT......................TTMMMMMMMMMT............TMMMMMMMMMMMMMMMMMMMMMMMMMMMMMMMMMMMMMMM
MMMMMMMMMMMMMMMMMMMMMMMMMMMMMMMMMMMMMMMMMMMMMMMMMMMMMMMMTT....................................................TTTTTTTTTTTTTTT.TTTTT.TTTTTTTTTTTTMTTT..........TMMMMMMMMMMMMMMMMMMT............TMMMMMMMMMTTTTTTTT......................TTMMMMMMMMMT............TMMMMMMMMMMMMMMMMMMMMMMMMMMMMMMMMMMMMMMM
MMMMMMMMMMMMMMMMMMMMMMMMMMMMMMMMMMMMMMMMMMMMMMMMMMMMMMMMTTTTTTTT.....TTTTTT....................TT.TT..........TTTTTTTTMMMTTTT.TTTTT.TTTTTTTTTTTTMTTTT.........TMMMMMMMMMMMMMMMMMMT............TMMMMMMMMMTTTTTTTT.....TT..TTT..........TTMMMMMMMMMT............TMMMMMMMMMMMMMMMMMMMMMMMMMMMMMMMMMMMMMMM
MMMMMMMMMMMMMMMMMMMMMMMMMMMMMMMMMMMMMMMMMMMMMMMMMMMMMMMMTTTTTTTTTTT..TTTTTT.......TTTT.TTTTTTTTTTTTTTTTTTT....TTTTTTTMMMMTTTT.TTTTT.TTTT..TTTTTTMTTTTT........TMMMMMMMMMMMMMMMMMMT............TMMMMMMMMMTTTTTTTT....TTT..TTT..........TTMMMMMMMMMT............TMMMMMMMMMMMMMMMMMMMMMMMMMMMMMMMMMMMMMMM
MMMMMMMMMMMMMMMMMMMMMMMMMMMMMMMMMMMMMMMMMMMMMMMMMMMMMMMMTTTTTTTTTTTTTTTTTTTTTTTTTTTTTTTTTTTTTTTTTTTTTTTTTTTTTTTTTTTTTTTTT.....TTTTT.TTT....TTTTTMTTTTT.......TTMMMMMMMMMMMMMMMMMMT............TMMMMMMMMMTTT.........TTTTTTTTT......TTTTTMMMMMMMMMT............TMMMMMMMMMMMMMMMMMMMMMMMMMMMMMMMMMMMMMMM
MMMMMMMMMMMMMMMMMMMMMMMMMMMMMMMMMMMMMMMMMMMMMMMMMMMMMMMMTTTTTTTTTTTTTTTTTTTTTTTTTTTTTTTTTTTTTTTTTTTTTTTTTTTTTTTTTTT..TTTT.....TTTTT.TTT......TTTMTTTTT.....TTTTMMMMMMMMMMMMMMMMMMT............TMMMMMMMMMTTT.........TTTTTTTTT......TTTTTMMMMMMMMMT............TMMMMMMMMMMMMMMMMMMMMMMMMMMMMMMMMMMMMMMM
MMMMMMMMMMMMMMMMMMMMMMMMMMMMMMMMMMMMMMMMMMMMMMMMMMMMMMMMMMMMMMMMMMMMMMMMMMMMMMMMMMMMMMMMMMMMMMMMMMMMMMMMMMMMMMMMTTT..TTTT............TT......TTTTTT........TTTTTMMMMMMMMMMMMMMMMMT............TMMMMMMMMMTTT.........TTTTTTTTT......TTTTTMMMMMMMMMT............TMMMMMMMMMMMMMMMMMMMMMMMMMMMMMMMMMMMMMMM
MMMMMMMMMMMMMMMMMMMMMMMMMMMMMMMMMMMMMMMMMMMMMMMMMMMMMMMMMMMMMMMMMMMMMMMMMMMMMMMMMMMMMMMMMMMMMMMMMMMMMMMMMMMMMMMMTTTT........................TTTTTT.........TTTTTMMMMMMMMMMMMMMMMMT............TMMMMMMMMMTTT..........TTTTTT...........TTMMMMMMMMMT............TMMMMMMMMMMMMMMMMMMMMMMMMMMMMMMMMMMMMMMM
MMMMMMMMMMMMMMMMMMMMMMMMMMMMMMMMMMMMMMMMMMMMMMMMMMMMMMMMMMMMMMMMMMMMMMMMMMMMMMMMMMMMMMMMMMMMMMMMMMMMMMMMMMMMMMMMTTTT........................TTTTTT..........TTTTMMMMMMMMMMMMMMMMMT............TMMMMMMMMMTTT..........TTTTTT......TTTTTTTMMMMMMMMMT............TMMMMMMMMMMMMMMMMMMMMMMMMMMMMMMMMMMMMMMM
MMMMMMMMMMMMMMMMMMMMMMMMMMMMMMMMMMMMMMMMMMMMMMMMMMMMMMMMMMMMMMMMMMMMMMMMMMMMMMMMMMMMMMMMMMMMMMMMMMMMMMMMMMMMMMMMTTTT.......TTTTTTTTTT.......TTTTTT..........TTTTMMMMMMMMMMMMMMMMMT............TMMMMMMMMMTTT......................TTTTTTTMMMMMMMMMT............TMMMMMMMMMMMMMMMMMMMMMMMMMMMMMMMMMMMMMMM
MMMMMMMMMMMMMMMMMMMMMMMMMMMMMMMMMMMMMMMMMMMMMMMMMMMMMMMMMMMMMMMMMMMMMMMMMMMMMMMMMMMMMMMMMMMMMMMMMMMMMMMMMMMMMMMMTTTT.......TTTTTTTTTT........TTTTT............TTMMMMMMMMMMMMMMMMMT............TMMMMMMMMMTTT......................TTTTTTTMMMMMMMMMT............TMMMMMMMMMMMMMMMMMMMMMMMMMMMMMMMMMMMMMMM
MMMMMMMMMMMMMMMMMMMMMMMMMMMMMMMMMMMMMMMMMMMMMMMMMMMMMMMMMMMMMMMMMMMMMMMMMMMMMMMMMMMMMMMMMMMMMMMMMMMMMMMMMMMMMMMMTTTTTTT....TTTTTTTTTT.........TTTT............TTMMMMMMMMMMMMMMMMMT............TMMMMMMMMMTTT......................TTTTTTTMMMMMMMMMT............TMMMMMMMMMMMMMMMMMMMMMMMMMMMMMMMMMMMMMMM
MMMMMMMMMMMMMMMMMMMMMMMMMMMMMMMMMMMMMMMMMMMMMMMMMMMMMMMMMMMMMMMMMMMMMMMMMMMMMMMMMMMMMMMMMMMMMMMMMMMMMMMMMMMMMMMMTTTTTTT......TT.................TT............TTMMMMMMMMMMMMMMMMMT............TMMMMMMMMTTTTTT........................TTTMMMMMMMMMT............TMMMMMMMMMMMMMMMMMMMMMMMMMMMMMMMMMMMMMMM
MMMMMMMMMMMMMMMMMMMMMMMMMMMMMMMMMMMMMMMMMMMMMMMMMMMMMMMMMMMMMMMMMMMMMMMMMMMMMMMMMMMMMMMMMMMMMMMMMMMMMMMMMMMMMMMMTT..TTT.......................................TTMMMMMMMMMMMMMMMMMT............TMMMMMMMMTTTTTTT.......................TTTMMMMMMMMMT............TMMMMMMMMMMMMMMMMMMMMMMMMMMMMMMMMMMMMMMM
MMMMMMMMMMMMMMMMMMMMMMMMMMMMMMMMMMMMMMMMMMMMMMMMMMMMMMMMMMMMMMMMMMMMMMMMMMMMMMMMMMMMMMMMMMMMMMMMMMMMMMMMMMMMMMMMMT..TTT.......................................TTMMMMMMMMMMMMMMMMMT............TMMMMMMMMTTTTTT........................TTTMMMMMMMMMT............TMMMMMMMMMMMMMMMMMMMMMMMMMMMMMMMMMMMMMMM
MMMMMMMMMMMMMMMMMMMMMMMMMMMMMMMMMMMMMMMMMMMMMMMMMMMMMMMMMMMMMMMMMMMMMMMMMMMMMMMMMMMMMMMMMMMMMMMMMMMMMMMMMMMMMMMMMTT.TTT.......................TTTT..........TTTTTMMMMMMMMMMMMMMMMT............TMMMMMMMMTTTTT........................TTTTMMMMMMMMMT............TMMMMMMMMMMMMMMMMMMMMMMMMMMMMMMMMMMMMMMM
MMMMMMMMMMMMMMMMMMMMMMMMMMMMMMMMMMMMMMMMMMMMMMMMMMMMMMMMMMMMMMMMMMMMMMMMMMMMMMMMMMMMMMMMMMMMMMMMMMMMMMMMMMMMMMMMMTT.TTT.......................TTTT..........TTTTMMMMMMMMMMMMMMMMMT............TMMMMMMMMMTTTT........................TTTTMMMMMMMMMT............TMMMMMMMMMMMMMMMMMMMMMMMMMMMMMMMMMMMMMMM
MMMMMMMMMMMMMMMMMMMMMMMMMMMMMMMMMMMMMMMMMMMMMMMMMMMMMMMMMMMMMMMMMMMMMMMMMMMMMMMMMMMMMMMMMMMMMMMMMMMMMMMMMMMMMMMMMT..TTT.......................TTTT............TTTMMMMMMMMMMMMMMMMT............TMMMMMMMMMTTTT.....TT..............TTTTTTTMMMMMMMMMT............TMMMMMMMMMMMMMMMMMMMMMMMMMMMMMMMMMMMMMMM
MMMMMMMMMMMMMMMMMMMMMMMMMMMMMMMMMMMMMMMMMMMMMMMMMMMMMMMMMMMMMMMMMMMMMMMMMMMMMMMMMMMMMMMMMMMMMMMMMMMMMMMMMMMMMMMMMT..TTT.......TTTT............TTTT..........TTTTMMMMMMMMMMMMMMMMMT............TMMMMMMMMMTTTT.TTT.TTTT............TTTTTTTMMMMMMMMMT............TMMMMMMMMMMMMMMMMMMMMMMMMMMMMMMMMMMMMMMM
MMMMMMMMMMMMMMMMMMMMMMMMMMMMMMMMMMMMMMMMMMMMMMMMMMMMMMMMMMMMMMMMMMMMMMMMMMMMMMMMMMMMMMMMMMMMMMMMMMMMMMMMMMMMMMMMTTT.TTT.......TTTT...........TTTTT..........TTTTMMMMMMMMMMMMMMMMMT............TMMMMMMMMMTTTT.TTTTTTTT.........TTTTTTTTTTMMMMMMMMMTTTT.......TTTMMMMMMMMMMMMMMMMMMMMMMMMMMMMMMMMMMMMMMM
MMMMMMMMMMMMMMMMMMMMMMMMMMMMMMMMMMMMMMMMMMMMMMMMMMMMMMMMMMMMMMMMMMMMMMMMMMMMMMMMMMMMMMMMMMMMMMMMMMMMMMMMMMMMMMMMTTT.TTT......TTTTT...........TTTTTT.........TTTTMMMMMMMMMMMMMMMMMT............TMMMMMMMMMTTTTTTTTTTTTTTT....TTTTTTTTTTTTTMMMMMMMMMTTTTTTTTT..TTTMMMMMMMMMMMMMMMMMMMMMMMMMMMMMMMMMMMMMMM
MMMMMMMMMMMMMMMMMMMMMMMMMMMMMMMMMMMMMMMMMMMMMMMMMMMMMMMMMMMMMMMMMMMMMMMMMMMMMMMMMMMMMMMMMMMMMMMMMMMMMMMMMMMMMMMMTTT..........TTTTT...........TTTTTTTTT......TTTTMMMMMMMMMMMMMMMMMT............TMMMMMMMMMTTTTTTTTTTTTTTT....TTTTTTTTTTTTTMMMMMMMMMTTTTTTTTTT.TTTMMMMMMMMMMMMMMMMMMMMMMMMMMMMMMMMMMMMMMM
MMMMMMMMMMMMMMMMMMMMMMMMMMMMMMMMMMMMMMMMMMMMMMMMMMMMMMMMMMMMMMMMMMMMMMMMMMMMMMMMMMMMMMMMMMMMMMMMMMMMMMMMMMMMMMMMTTT..........TTTTT...........TTTMTTTTT......TTTMMMMMMMMMTTTTTTTTTT............TTMMMMMMMTTTTTTTTTTTTTTTT....TTTTTTTTTTTTTMTTTMMMMTTTTTTTTTTTTTTTTMMMMMMMMMMMMMMMMMMMMMMMMMMMMMMMMMMMMMM
MMMMMMMMMMMMMMMMMMMMMMMMMMMMMMMMMMMMMMMMMMMMMMMMMMMMMMMMMMMMMMMMMMMMMMMMMMMMMMMMMMMMMMMMMMMMMMMMMMMMMMMMMMMMMMMMMTTTT...........TT...........TTTMTTTTT........TMMMMMMMMMTTTTTTTTTT............TTTTTTTTTTTTTTTTTTTT........TTTTTTTTTTTTTTTTTTTTTTTT.TTMTTTTTTTTTTMMMMMMMMMMMMMMMMMMMMMMMMMMMMMMMMMMMMMM
MMMMMMMMMMMMMMMMMMMMMMMMMMMMMMMMMMMMMMMMMMMMMMMMMMMMMMMMMMMMMMMMMMMMMMMMMMMMMMMMMMMMMMMMMMMMMMMMMMMMMMMMMMMMMMMMMTTTT...........TT...........TTTMT............TMMMMMMMTTTTMMTTT...........................................TTTTTTTTT.........T.......TTTTTTTTTTTTMMMMMMMMMMMMMMMMMMMMMMMMMMMMMMMMMMMMMM
MMMMMMMMMMMMMMMMMMMMMMMMMMMMMMMMMMMMMMMMMMMMMMMMMMMMMMMMMMMMMMMMMMMMMMMMMMMMMMMMMMMMMMMMMMMMMMMMMMMMMMMMMMMMMMMMMTTTT........................TTTMT............TMMMMMMTTTTMMTT.............................................TTTTTTTTT........TTTT.....TTTTTTTTTTTTMMMMMMMMMMMMMMMMMMMMMMMMMMMMMMMMMMMMMM
MMMMMMMMMMMMMMMMMMMMMMMMMMMMMMMMMMMMMMMMMMMMMMMMMMMMMMMMMMMMMMMMMMMMMMMMMMMMMMMMMMMMMMMMMMMMMMMMMMMMMMMMMMMMMMMMMTTTT........................TTTMT............TMMMMMTTTTMTTTT..............................................T...............TTTT......TTTTTTTTTTTMMMMMMMMMMMMMMMMMMMMMMMMMMMMMMMMMMMMMM
MMMMMMMMMMMMMMMMMMMMMMMMMMMMMMMMMMMMMMMMMMMMMMMMMMMMMMMMMMMMMMMMMMMMMMMMMMMMMMMMMMMMMMMMMMMMMMMMMMMMMMMMMMMMMMMMMTTTT........................TTTMT............TMMMTTTTMMMTTTT.........................................................................TTTTTTTTTTMMMMMMMMMMMMMMMMMMMMMMMMMMMMMMMMMMMMMM
MMMMMMMMMMMMMMMMMMMMMMMMMMMMMMMMMMMMMMMMMMMMMMMMMMMMMMMMMMMMMMMMMMMMMMMMMMMMMMMMMMMMMMMMMMMMMMMMMMMMMMMMMMMMMMMMMTTTT.......................TTTTMT............TMMMTTTMTTTMTTT........................................................................TTTTTTTTTTTMMMMMMMMMMMMMMMMMMMMMMMMMMMMMMMMMMMMMM
MMMMMMMMMMMMMMMMMMMMMMMMMMMMMMMMMMMMMMMMMMMMMMMMMMMMMMMMMMMMMMMMMMMMMMMMMMMMMMMMMMMMMMMMMMMMMMMMMMMMMMMMMMMMMMMMMTTTTTT.....................TTTTMT............TMMMTTMMTTTTT........................................................................TTTTTTTTTTTTTMMMMMMMMMMMMMMMMMMMMMMMMMMMMMMMMMMMMMM
MMMMMMMMMMMMMMMMMMMMMMMMMMMMMMMMMMMMMMMMMMMMMMMMMMMMMMMMMMMMMMMMMMMMMMMMMMMMMMMMMMMMMMMMMMMMMMMMMMMMMMMMMMMMMMMMMTTTTTT.....................TTTTMT............TMMTTMMMTTTTT....T...................................................................TTTTTTTTTTTTTMMMMMMMMMMMMMMMMMMMMMMMMMMMMMMMMMMMMMM
MMMMMMMMMMMMMMMMMMMMMMMMMMMMMMMMMMMMMMMMMMMMMMMMMMMMMMMMMMMMMMMMMMMMMMMMMMMMMMMMMMMMMMMMMMMMMMMMMMMMMMMMMMMMMMMMMMTTT.......................TTTTMT............TMMTTMMMTTTTTTT.TTT...................................................................TTTTTTTTTTTTMMMMMMMMMMMMMMMMMMMMMMMMMMMMMMMMMMMMMM
MMMMMMMMMMMMMMMMMMMMMMMMMMMMMMMMMMMMMMMMMMMMMMMMMMMMMMMMMMMMMMMMMMMMMMMMMMMMMMMMMMMMMMMMMMMMMMMMMMMMMMMMMMMMMMMMMMMTTT......................TTTTMT............TMMTTMTTTTTTTTT.TTTT..................................................................TTTTTTTTTTTTMMMMMMMMMMMMMMMMMMMMMMMMMMMMMMMMMMMMMM
MMMMMMMMMMMMMMMMMMMMMMMMMMMMMMMMMMMMMMMMMMMMMMMMMMMMMMMMMMMMMMMMMMMMMMMMMMMMMMMMMMMMMMMMMMMMMMMMMMMMMMMMMMMMMMMMMMMMTTT.....................TTTTMT............TMMTTTTTTMTTTTTTTTTTT............................................TTTT.................TTTTTTTTTMTTMMMMMMMMMMMMMMMMMMMMMMMMMMMMMMMMMMMMMM
MMMMMMMMMMMMMMMMMMMMMMMMMMMMMMMMMMMMMMMMMMMMMMMMMMMMMMMMMMMMMMMMMMMMMMMMMMMMMMMMMMMMMMMMMMMMMMMMMMMMMMMMMMMMMMMMMMMMMTTT.TTTT.......TTTT....TTTTMT..........TTTMMMTTTTTTTTTTTTTTTTT............................................TTTT....................TTTMMMMTTMMMMMMMMMMMMMMMMMMMMMMMMMMMMMMMMMMMMMM
MMMMMMMMMMMMMMMMMMMMMMMMMMMMMMMMMMMMMMMMMMMMMMMMMMMMMMMMMMMMMMMMMMMMMMMMMMMMMMMMMMMMMMMMMMMMMMMMMMMMMMMMMMMMMMMMMMMMMMTTTTTTT.......TMTTTTTTTTTTMT........TTTTTMMMTTTTTTTTTTTTTTTT.............TT..............................TTTT.............TT.....TTTTMMMTTMMMMMMMMMMMMMMMMMMMMMMMMMMMMMMMMMMMMMM
MMMMMMMMMMMMMMMMMMMMMMMMMMMMMMMMMMMMMMMMMMMMMMMMMMMMMMMMMMMMMMMMMMMMMMMMMMMMMMMMMMMMMMMMMMMMMMMMMMMMMMMMMMMMMMMMMMMMMMTTTTTTTTT.....TTTTTTTTTTTTMT........TTTTTMMMTTTTTTTTTTTTTTTTTTTTT....TTTTTTTTTTTTTTTTTTTTTTTTTTTTTTTTTTTTTTTTTTTTTTTTTTTTTTTT...TTTTTTTTTTMMMMMMMMMMMMMMMMMMMMMMMMMMMMMMMMMMMMMM
MMMMMMMMMMMMMMMMMMMMMMMMMMMMMMMMMMMMMMMMMMMMMMMMMMMMMMMMMMMMMMMMMMMMMMMMMMMMMMMMMMMMMMMMMMMMMMMMMMMMMMMMMTTMMMMMMMMMMMTTTTTTTTT.....TTTTTTTTTTTTTT........TTTTTMMMMMMMMMTTTTTTTTTTTTTTT....TTTTTTTTTTTTTMMMMMMMMTTTTTTTTTTTTTTTTMMMMMMMMMMMMMMMMTTT...TTTTTTTTTTMMMMMMMMMMMMMMMMMMMMMMMMMMMMMMMMMMMMMM
MMMMMMMMMMMMMMMMMMMMMMMMMMMMMMMMMMMMMMMMMMMMMMMMMMMMMMMMMMMMMMMMMMMMMMMMMMMMMMMMMMMMMMMMMMMMMMMMMMMMMMMMMTTTTTTTTTTTTTTTTTTTTTT.....TTTTTTTTTTTTTT..........TTTMMMMMMMMMMMMMMMTTTTTTTTT....TTTTTTTTTTTTTMMMMMMMMMMMMMMMMMMMMMMMMMMMMMMMMMMMMMMMMMT....TTTTTTTTTTMMMMMMMMMMMMMMMMMMMMMMMMMMMMMMMMMMMMMM
MMMMMMMMMMMMMMMMMMMMMMMMMMMMMMMMMMMMMMMMMMMMMMMMMMMMMMMMMMMMMMMMMMMMMMMMMMMMMMMMMMMMMMMMMMMMMMMMMMMMMMMMMTTTTTTTTTTTTTTTTTTTTTT.....TTTTTTTTTTTTTT............TMMMMMMMMMMMMMMTTTTTTTTTT....TTTTTTTTTTTTTTTMMMMMMMMMMMMMMMMMMMMMMMMMMMMMMMMMMMMMMMT.....TTTTTTTTTMMMMMMMMMMMMMMMMMMMMMMMMMMMMMMMMMMMMMM
MMMMMMMMMMMMMMMMMMMMMMMMMMMMMMMMMMMMMMMMMMMMMMMMMMMMMMMMMMMMMMMMMMMMMMMMMMMMMMMMMMMMMMMMMMMMMMMMMMMMMMMMMTTTTTTTTTTTTTTTTTTTTTT.....TTTTTTTTTTTTTT............TMMMMMMMMMMMMMTTTTTTTTTT...........TT.TTTTTTTMMMMMMMMMMMMMMMMMMMMMMMMMMMMMMMMMMMMMMTTTTTTTTTTTTTTTMMMMMMMMMMMMMMMMMMMMMMMMMMMMMMMMMMMMMM
MMMMMMMMMMMMMMMMMMMMMMMMMMMMMMMMMMMMMMMMMMMMMMMMMMMMMMMMMMMMMMMMMMMMMMMMMMMMMMMMMMMMMMMMMMMMMMMMMMMMMMMMMTTTTTTTTTTTTTTTTT........TTTTTTTTTTTTTTTT............TMMMMMMMMMMMMTTTTTTTTT.............TT.TTTTTTTTMMMMMMMMMMMMMMMMMMMMMMMMMMMMMMMMMMMMMTMMMMMMMMTTTTTTMMMMMMMMMMMMMMMMMMMMMMMMMMMMMMMMMMMMMM
MMMMMMMMMMMMMMMMMMMMMMMMMMMMMMMMMMMMMMMMMMMMMMMMMMMMMMMMMMMMMMMMMMMMMMMMMMMMMMMMMMMMMMMMMMMMMMMMMMMMMMMMMTTTTTTTT.....T.................TTTTTTTTTT............TMMMMMMMMMMMTTTTTTTTT.....................TTTTTMMMMMMMMMMMMMMMMMMMMMMMMMMMMMMMMMMMMTMMMMMMMMMMMTTTMMMMMMMMMMMMMMMMMMMMMMMMMMMMMMMMMMMMMM
MMMMMMMMMMMMMMMMMMMMMMMMMMMMMMMMMMMMMMMMMMMMMMMMMMMMMMMMMMMMMMMMMMMMMMMMMMMMMMMMMMMMMMMMMMMMMMMMMMMMMMMMMTTTMT.........................TTTTTTTTTTTTTTT........TMMMMMMMMMMTTTTTTTT........................TTTTTMMMMMMMMMMMMMMMMMMMMMMMMMMMMMMMMMMMTTMMMMMMMMMMMTTMMMMMMMMMMMMMMMMMMMMMMMMMMMMMMMMMMMMMM
MMMMMMMMMMMMMMMMMMMMMMMMMMMMMMMMMMMMMMMMMMMMMMMMMMMMMMMMMMMMMMMMMMMMMMMMMMMMMMMMMMMMMMMMMMMMMMMMMMMMMMMMMTTTT..........................TTTTTTTTTTTTTTT........TMMMMMMMMMTTTTTTT...........................TTTTTMMMMMMMMMMMMMMMMMMMMMMMMMMMMMMMMMMTTTMMMMMMMTTMTTMMMMMMMMMMMMMMMMMMMMMMMMMMMMMMMMMMMMMM
MMMMMMMMMMMMMMMMMMMMMMMMMMMMMMMMMMMMMMMMMMMMMMMMMMMMMMMMMMMMMMMMMMMMMMMMMMMMMMMMMMMMMMMMMMMMMMMMMMMMMMMMMTTTT..........................TTTTTTTTTTTTTTT........TMMMMMMMMMTTTTTTT............................TTTTTMMMMMMMMMMMMMMMMMMMMMMMMMMMMMMMMMTTTTMMMMMTTMMTTMMMMMMMMMMMMMMMMMMMMMMMMMMMMMMMMMMMMMM
MMMMMMMMMMMMMMMMMMMMMMMMMMMMMMMMMMMMMMMMMMMMMMMMMMMMMMMMMMMMMMMMMMMMMMMMMMMMMMMMMMMMMMMMMMMMMMMMMMMMMMMMMTTTT...........................TTTTTTTTTTTTTT........TMMMMMMMMMTTTTTTTT............................TTTTMMMMMMMMMMMMMMMMMMMMMMMMMMMMMMMMMMTTTMMMMMMMMMTTMMMMMMMMMMMMMMMMMMMMMMMMMMMMMMMMMMMMMM
MMMMMMMMMMMMMMMMMMMMMMMMMMMMMMMMMMMMMMMMMMMMMMMMMMMMMMMMMMMMMMMMMMMMMMMMMMMMMMMMMMMMMMMMMMMMMMMMMMMMMMMMMTTTTT...........................TTTTTTTTTTTTTT.......TMMMMMMMMMTTTMTTTTT................TT.........TTTTMMMMMMMMMMMMMMMMMMMMMMMMMMMMMMMMMMMTTTMMMMMMMMTTMMMMMMMMMMMMMMMMMMMMMMMMMMMMMMMMMMMMMM
MMMMMMMMMMMMMMMMMMMMMMMMMMMMMMMMMMMMMMMMMMMMMMMMMMMMMMMMMMMMMMMMMMMMMMMMMMMMMMMMMMMMMMMMMMMMMMMMMMMMMMMMMTTTTT.............................TTTTTTTTTTTT.......TMMMMMMMMMTTTMTTTT.................TTT.....TTTTTTTMMMMMMMMMMMMMMMMMMMMMMMMMMMMMMMMMMMMTTTMMMMMMMTTMMMMMMMMMMMMMMMMMMMMMMMMMMMMMMMMMMMMMM
MMMMMMMMMMMMMMMMMMMMMMMMMMMMMMMMMMMMMMMMMMMMMMMMMMMMMMMMMMMMMMMMMMMMMMMMMMMMMMMMMMMMMMMMMMMMMMMMMMMMMMMMMTTTTT...........................T...TTTTTTTTTT.......TMMMMMMMMMTTTTT......TTT............T....TTTTTTTTTMMMMMMMMMMMMMMMMMMMMMMMMMMMMMMMMMMMMMTTTMMMMMMTTMMMMMMMMMMMMMMMMMMMMMMMMMMMMMMMMMMMMMM
MMMMMMMMMMMMMMMMMMMMMMMMMMMMMMMMMMMMMMMMMMMMMMMMMMMMMMMMMMMMMMMMMMMMMMMMMMMMMMMMMMMMMMMMMMMMMMMMMMMMMMMMMTTTTT..........................TTT..TTTTTTTTTT.......TMMMMMMMMMTTTTT......TTTT................TTTTTTTTTMMMMMMMMMMMMMMMMMMMMMMMMMMMMMMMMMMMMMTTTTMMMMTTTMMMMMMMMMMMMMMMMMMMMMMMMMMMMMMMMMMMMMM
MMMMMMMMMMMMMMMMMMMMMMMMMMMMMMMMMMMMMMMMMMMMMMMMMMMMMMMMMMMMMMMMMMMMMMMMMMMMMMMMMMMMMMMMMMMMMMMMMMMMMMMMMTTTTT.........................TTTTTTTTTTTTTTTTT......TMMMMMMMMMTTTTTT.....TTTT................TTTTTTTTTMMMMMMMMMMMMMMMMMMMMMMMMMMMMMMMMMMMMMMTTTTTTTTTTMMMMMMMMMMMMMMMMMMMMMMMMMMMMMMMMMMMMMM
MMMMMMMMMMMMMMMMMMMMMMMMMMMMMMMMMMMMMMMMMMMMMMMMMMMMMMMMMMMMMMMMMMMMMMMMMMMMMMMMMMMMMMMMMMMMMMMMMMMMMMMMMTTTTT.........................TTTTTTTTTTTTTTTTT....TTTMMMMMMMMMTTTTTT.....TTT.................TTTTTTTTTMMMMMMMMMMMMMMMMMMMMMMMMMMMMMMMMMMMMMMMMMMMTMMMMMMMMMMMMMMMMMMMMMMMMMMMMMMMMMMMMMMMMMM
MMMMMMMMMMMMMMMMMMMMMMMMMMMMMMMMMMMMMMMMMMMMMMMMMMMMMMMMMMMMMMMMMMMMMMMMMMMMMMMMMMMMMMMMMMMMMMMMMMMMMMMMMTTTTTT.......................TTTTTTTTTTTTTTTTT.....TTTTTTMMMMMMTTT........TTT.....................TTTTTMMMMMMMMMMMMMMMMMMMMMMMMMMMMMMMMMMMMMMMMMMMMMMMMMMMMMMMMMMMMMMMMMMMMMMMMMMMMMMMMMMMMMM
MMMMMMMMMMMMMMMMMMMMMMMMMMMMMMMMMMMMMMMMMMMMMMMMMMMMMMMMMMMMMMMMMMMMMMMMMMMMMMMMMMMMMMMMMMMMMMMMMMMMMMMMMTTTTTTTT....................TTTTTTTTTTTTTTTTTT.....TTTTTTMMMMMMTTTTTT.....TTTT....................TTTTTMMMMMMMMMMMMMMMMMMMMMMMMMMMMMMMMMMMMMMMMMMMMMMMMMMMMMMMMMMMMMMMMMMMMMMMMMMMMMMMMMMMMMM
MMMMMMMMMMMMMMMMMMMMMMMMMMMMMMMMMMMMMMMMMMMMMMMMMMMMMMMMMMMMMMMMMMMMMMMMMMMMMMMMMMMMMMMMMMMMMMMMMMMMMMMMMTTTTTTTTTTTTTTTTTTTT.......TTTTTTTTTTTTTTTTTTT.....TTTTTTMMMMMMTTTTTT.....TTT.................TTTTTTTTTMMMMMMMMMMMMMMMMMMMMMMMMMMMMMMMMMMMMMMMMMMMMMMMMMMMMMMMMMMMMMMMMMMMMMMMMMMMMMMMMMMMMMM
MMMMMMMMMMMMMMMMMMMMMMMMMMMMMMMMMMMMMMMMMMMMMMMMMMMMMMMMMMMMMMMMMMMMMMMMMMMMMMMMMMMMMMMMMMMMMMMMMMMMMMMMMTTTTTTTTTTTTTTTTTTTT........TTTTTTTTTTTTTTTTT......TTTTTTTMMMMMTTTMTT.....TTT.................TTTTTTTTTMMMMMMMMMMMMMMMMMMMMMMMMMMMMMMMMMMMMMMMMMMMMMMMMMMMMMMMMMMMMMMMMMMMMMMMMMMMMMMMMMMMMMM
MMMMMMMMMMMMMMMMMMMMMMMMMMMMMMMMMMMMMMMMMMMMMMMMMMMMMMMMMMMMMMMMMMMMMMMMMMMMMMMMMMMMMMMMMMMMMMMMMMMMMMMMMTTTTTTTTTTTTTTTTTTTTTTTTTTT..TTTTTTTTT...................TTMMMMTTTMT......TTT.................TTTTTTTTTMMMMMMMMMMMMMMMMMMMMMMMMMMMMMMMMMMMMMMMMMMMMMMMMMMMMMMMMMMMMMMMMMMMMMMMMMMMMMMMMMMMMMM
MMMMMMMMMMMMMMMMMMMMMMMMMMMMMMMMMMMMMMMMMMMMMMMMMMMMMMMMMMMMMMMMMMMMMMMMMMMMMMMMMMMMMMMMMMMMMMMMMMMMMMMMMTTTTTTTTTTTTTTTTTTTTTTTTTTT.TTTTTTTTT.....................TTMMMTTTMT.TT.....T.................TTTTTTTTTMMMMMMMMMMMMMMMMMMMMMMMMMMMMMMMMMMMMMMMMMMMMMMMMMMMMMMMMMMMMMMMMMMMMMMMMMMMMMMMMMMMMMM
MMMMMMMMMMMMMMMMMMMMMMMMMMMMMMMMMMMMMMMMMMMMMMMMMMMMMMMMMMMMMMMMMMMMMMMMMMMMMMMMMMMMMMMMMMMMMMMMMMMMMMMMMTTTTTTTTTTTTTTTTTTTTTTTTTTTTTTTTTTTT.......................TTMMTTTMTTTTT.........................TTTTTTMMMMMMMMMMMMMMMMMMMMMMMMMMMMMMMMMMMMMMMMMMMMMMMMMMMMMMMMMMMMMMMMMMMMMMMMMMMMMMMMMMMMMM
MMMMMMMMMMMMMMMMMMMMMMMMMMMMMMMMMMMMMMMMMMMMMMMMMMMMMMMMMMMMMMMMMMMMMMMMMMMMMMMMMMMMMMMMMMMMMMMMMMMMMMMMMTTTTTTTTTTTTTTTTTTTTTTTTTTTTTTTTTTT.........................TTTTTTMTTTTTT.......................TTTTTTTMMMMMMMMMMMMMMMMMMMMMMMMMMMMMMMMMMMMMMMMMMMMMMMMMMMMMMMMMMMMMMMMMMMMMMMMMMMMMMMMMMMMMM
MMMMMMMMMMMMMMMMMMMMMMMMMMMMMMMMMMMMMMMMMMMMMMMMMMMMMMMMMMMMMMMMMMMMMMMMMMMMMMMMMMMMMMMMMMMMMMMMMMMMMMMMMTTTTTTTTTTTTTTTTTTTTTTTTTTTTTTTTTT..........................TTTTTTTTTTTTT..T....TTTT...........TTTTTTTTMMMMMMMMMMMMMMMMMMMMMMMMMMMMMMMMMMMMMMMMMMMMMMMMMMMMMMMMMMMMMMMMMMMMMMMMMMMMMMMMMMMMMM
MMMMMMMMMMMMMMMMMMMMMMMMMMMMMMMMMMMMMMMMMMMMMMMMMMMMMMMMMMMMMMMMMMMMMMMMMMMMMMMMMMMMMMMMMMMMMMMMMMMMMMMMMMMMMMMMMMMMMMMMMMMMMMMMMMMMMMMMTTT..........................TTTTTTTTTTTTT.TTTT..TTTT..........TTTTTTTTTMMMMMMMMMMMMMMMMMMMMMMMMMMMMMMMMMMMMMMMMMMMMMMMMMMMMMMMMMMMMMMMMMMMMMMMMMMMMMMMMMMMMMM
MMMMMMMMMMMMMMMMMMMMMMMMMMMMMMMMMMMMMMMMMMMMMMMMMMMMMMMMMMMMMMMMMMMMMMMMMMMMMMMMMMMMMMMMMMMMMMMMMMMMMMMMMMMMMMMMMMMMMMMMMMMMMMMMMMMMMMMMTTT.....................TT....TTMTTTTTTTT..TTTT..TTTT.........TTTTTTTTTTMMMMMMMMMMMMMMMMMMMMMMMMMMMMMMMMMMMMMMMMMMMMMMMMMMMMMMMMMMMMMMMMMMMMMMMMMMMMMMMMMMMMMM
MMMMMMMMMMMMMMMMMMMMMMMMMMMMMMMMMMMMMMMMMMMMMMMMMMMMMMMMMMMMMMMMMMMMMMMMMMMMMMMMMMMMMMMMMMMMMMMMMMMMMMMMMMMMMMMMMMMMMMMMMMMMMMMMMMMMMMMMMTT....TTT..............TT....TTMTTTTTTTTTTTTTTTTTTTT........TTTTMMMMMMMMMMMMMMMMMMMMMMMMMMMMMMMMMMMMMMMMMMMMMMMMMMMMMMMMMMMMMMMMMMMMMMMMMMMMMMMMMMMMMMMMMMMMM
MMMMMMMMMMMMMMMMMMMMMMMMMMMMMMMMMMMMMMMMMMMMMMMMMMMMMMMMMMMMMMMMMMMMMMMMMMMMMMMMMMMMMMMMMMMMMMMMMMMMMMMMMMMMMMMMMMMMMMMMMMMMMMMMMMMMMMMMMTT...TTTTT.............TT....TTMMTTTTTTTTTTTTTTTTTTTTTT....TTTTTMMMMMMMMMMMMMMMMMMMMMMMMMMMMMMMMMMMMMMMMMMMMMMMMMMMMMMMMMMMMMMMMMMMMMMMMMMMMMMMMMMMMMMMMMMMMM
MMMMMMMMMMMMMMMMMMMMMMMMMMMMMMMMMMMMMMMMMMMMMMMMMMMMMMMMMMMMMMMMMMMMMMMMMMMMMMMMMMMMMMMMMMMMMMMMMMMMMMMMMMMMMMMMMMMMMMMMMMMMMMMMMMMMMMMMMTT...TTTTT.............TT....TTMMMTTTTTTTTTTTTTTTTTTTTT....TTTTTMMMMMMMMMMMMMMMMMMMMMMMMMMMMMMMMMMMMMMMMMMMMMMMMMMMMMMMMMMMMMMMMMMMMMMMMMMMMMMMMMMMMMMMMMMMMM
MMMMMMMMMMMMMMMMMMMMMMMMMMMMMMMMMMMMMMMMMMMMMMMMMMMMMMMMMMMMMMMMMMMMMMMMMMMMMMMMMMMMMMMMMMMMMMMMMMMMMMMMMMMMMMMMMMMMMMMMMMMMMMMMMMMMMMMMMTT....TTT....TTT.......TT....TTMMMMMTTTTTTTTTTTTTMMMTTTTT..TTTTMMMMMMMMMMMMMMMMMMMMMMMMMMMMMMMMMMMMMMMMMMMMMMMMMMMMMMMMMMMMMMMMMMMMMMMMMMMMMMMMMMMMMMMMMMMMMM
MMMMMMMMMMMMMMMMMMMMMMMMMMMMMMMMMMMMMMMMMMMMMMMMMMMMMMMMMMMMMMMMMMMMMMMMMMMMMMMMMMMMMMMMMMMMMMMMMMMMMMMMMMMMMMMMMMMMMMMMMMMMMMMMMMMMMMMMTTT....TTT.....TTTT.....T....TTTMMMMMMTTTTTTTTTTTTTTTTTTTTTTTTTTMMMMMMMMMMMMMMMMMMMMMMMMMMMMMMMMMMMMMMMMMMMMMMMMMMMMMMMMMMMMMMMMMMMMMMMMMMMMMMMMMMMMMMMMMMMMMM
MMMMMMMMMMMMMMMMMMMMMMMMMMMMMMMMMMMMMMMMMMMMMMMMMMMMMMMMMMMMMMMMMMMMMMMMMMMMMMMMMMMMMMMMMMMMMMMMMMMMMMMMMMMMMMMMMMMMMMMMMMMMMMMMMMMMMMMMTTT....TTTT....TTTT.....T....TTTMMMMMMTTTTTTTTTTTTMMMMTTTTTTTTTTMMMMMMMMMMMMMMMMMMMMMMMMMMMMMMMMMMMMMMMMMMMMMMMMMMMMMMMMMMMMMMMMMMMMMMMMMMMMMMMMMMMMMMMMMMMMMM
MMMMMMMMMMMMMMMMMMMMMMMMMMMMMMMMMMMMMMMMMMMMMMMMMMMMMMMMMMMMMMMMMMMMMMMMMMMMMMMMMMMMMMMMMMMMMMMMMMMMMMMMMMMMMMMMMMMMMMMMMMMMMMMMMMMMMMMMTTT....TTTT....TTT......T....TTTMMMMMMMMMMMMMMMMMMMMMMMMMMMMMMMMMMMMMMMMMMMMMMMMMMMMMMMMMMMMMMMMMMMMMMMMMMMMMMMMMMMMMMMMMMMMMMMMMMMMMMMMMMMMMMMMMMMMMMMMMMMMMM
MMMMMMMMMMMMMMMMMMMMMMMMMMMMMMMMMMMMMMMMMMMMMMMMMMMMMMMMMMMMMMMMMMMMMMMMMMMMMMMMMMMMMMMMMMMMMMMMMMMMMMMMMMMMMMMMMMMMMMMMMMMMMMMMMMMMMMMMTTTTT...TT.....TTT............TTMMMMMMMMMMMMMMMMMMMMMMMMMMMMMMMMMMMMMMMMMMMMMMMMMMMMMMMMMMMMMMMMMMMMMMMMMMMMMMMMMMMMMMMMMMMMMMMMMMMMMMMMMMMMMMMMMMMMMMMMMMMMMM
MMMMMMMMMMMMMMMMMMMMMMMMMMMMMMMMMMMMMMMMMMMMMMMMMMMMMMMMMMMMMMMMMMMMMMMMMMMMMMMMMMMMMMMMMMMMMMMMMMMMMMMMMMMMMMMMMMMMMMMMMMMMMMMMMMMMMMMMMTTTT...TT....................TTMMMMMMMMMMMMMMMMMMMMMMMMMMMMMMMMMMMMMMMMMMMMMMMMMMMMMMMMMMMMMMMMMMMMMMMMMMMMMMMMMMMMMMMMMMMMMMMMMMMMMMMMMMMMMMMMMMMMMMMMMMMMMM
MMMMMMMMMMMMMMMMMMMMMMMMMMMMMMMMMMMMMMMMMMMMMMMMMMMMMMMMMMMMMMMMMMMMMMMMMMMMMMMMMMMMMMMMMMMMMMMMMMMMMMMMMMMMMMMMMMMMMMMMMMMMMMMMMMMMMMMMMTTT....TT....................TTMMMMMMMMMMMMMMMMMMMMMMMMMMMMMMMMMMMMMMMMMMMMMMMMMMMMMMMMMMMMMMMMMMMMMMMMMMMMMMMMMMMMMMMMMMMMMMMMMMMMMMMMMMMMMMMMMMMMMMMMMMMMMM
MMMMMMMMMMMMMMMMMMMMMMMMMMMMMMMMMMMMMMMMMMMMMMMMMMMMMMMMMMMMMMMMMMMMMMMMMMMMMMMMMMMMMMMMMMMMMMMMMMMMMMMMMMMMMMMMMMMMMMMMMMMMMMMMMMMMMMMMMTTT..........................TTMMMMMMMMMMMMMMMMMMMMMMMMMMMMMMMMMMMMMMMMMMMMMMMMMMMMMMMMMMMMMMMMMMMMMMMMMMMMMMMMMMMMMMMMMMMMMMMMMMMMMMMMMMMMMMMMMMMMMMMMMMMMMM
MMMMMMMMMMMMMMMMMMMMMMMMMMMMMMMMMMMMMMMMMMMMMMMMMMMMMMMMMMMMMMMMMMMMMMMMMMMMMMMMMMMMMMMMMMMMMMMMMMMMMMMMMMMMMMMMMMMMMMMMMMMMMMMMMMMMMMMMMTTTT.........................TTMMMMMMMMMMMMMMMMMMMMMMMMMMMMMMMMMMMMMMMMMMMMMMMMMMMMMMMMMMMMMMMMMMMMMMMMMMMMMMMMMMMMMMMMMMMMMMMMMMMMMMMMMMMMMMMMMMMMMMMMMMMMMM
MMMMMMMMMMMMMMMMMMMMMMMMMMMMMMMMMMMMMMMMMMMMMMMMMMMMMMMMMMMMMMMMMMMMMMMMMMMMMMMMMMMMMMMMMMMMMMMMMMMMMMMMMMMMMMMMMMMMMMMMMMMMMMMMMMMMMMMMTTTTT........................TTTMMMMMMMMMMMMMMMMMMMMMMMMMMMMMMMMMMMMMMMMMMMMMMMMMMMMMMMMMMMMMMMMMMMMMMMMMMMMMMMMMMMMMMMMMMMMMMMMMMMMMMMMMMMMMMMMMMMMMMMMMMMMMM
MMMMMMMMMMMMMMMMMMMMMMMMMMMMMMMMMMMMMMMMMMMMMMMMMMMMMMMMMMMMMMMMMMMMMMMMMMMMMMMMMMMMMMMMMMMMMMMMMMMMMMMMMMMMMMMMMMMMMMMMMMMMMMMMMMMMMMMMTTTTT........................TTTMMMMMMMMMMMMMMMMMMMMMMMMMMMMMMMMMMMMMMMMMMMMMMMMMMMMMMMMMMMMMMMMMMMMMMMMMMMMMMMMMMMMMMMMMMMMMMMMMMMMMMMMMMMMMMMMMMMMMMMMMMMMMM
MMMMMMMMMMMMMMMMMMMMMMMMMMMMMMMMMMMMMMMMMMMMMMMMMMMMMMMMMMMMMMMMMMMMMMMMMMMMMMMMMMMMMMMMMMMMMMMMMMMMMMMMMMMMMMMMMMMMMMMMMMMMMMMMMMMMMMMMTTTTTT....................TTTTTTMMMMMMMMMMMMMMMMMMMMMMMMMMMMMMMMMMMMMMMMMMMMMMMMMMMMMMMMMMMMMMMMMMMMMMMMMMMMMMMMMMMMMMMMMMMMMMMMMMMMMMMMMMMMMMMMMMMMMMMMMMMMMM
MMMMMMMMMMMMMMMMMMMMMMMMMMMMMMMMMMMMMMMMMMMMMMMMMMMMMMMMMMMMMMMMMMMMMMMMMMMMMMMMMMMMMMMMMMMMMMMMMMMMMMMMMMMMMMMMMMMMMMMMMMMMMMMMMMMMMMMMTTTTTTT...................TTTTTTMMMMMMMMMMMMMMMMMMMMMMMMMMMMMMMMMMMMMMMMMMMMMMMMMMMMMMMMMMMMMMMMMMMMMMMMMMMMMMMMMMMMMMMMMMMMMMMMMMMMMMMMMMMMMMMMMMMMMMMMMMMMMM
MMMMMMMMMMMMMMMMMMMMMMMMMMMMMMMMMMMMMMMMMMMMMMMMMMMMMMMMMMMMMMMMMMMMMMMMMMMMMMMMMMMMMMMMMMMMMMMMMMMMMMMMMMMMMMMMMMMMMMMMMMMMMMMMMMMMMMMMTTTTTTTTTTTTT......TTT....TTTTTTMMMMMMMMMMMMMMMMMMMMMMMMMMMMMMMMMMMMMMMMMMMMMMMMMMMMMMMMMMMMMMMMMMMMMMMMMMMMMMMMMMMMMMMMMMMMMMMMMMMMMMMMMMMMMMMMMMMMMMMMMMMMMM
MMMMMMMMMMMMMMMMMMMMMMMMMMMMMMMMMMMMMMMMMMMMMMMMMMMMMMMMMMMMMMMMMMMMMMMMMMMMMMMMMMMMMMMMMMMMMMMMMMMMMMMMMMMMMMMMMMMMMMMMMMMMMMMMMMMMMMMMTTTTTTTTTTTTTTTTTTTTTTT....TTTTTMMMMMMMMMMMMMMMMMMMMMMMMMMMMMMMMMMMMMMMMMMMMMMMMMMMMMMMMMMMMMMMMMMMMMMMMMMMMMMMMMMMMMMMMMMMMMMMMMMMMMMMMMMMMMMMMMMMMMMMMMMMMMM
MMMMMMMMMMMMMMMMMMMMMMMMMMMMMMMMMMMMMMMMMMMMMMMMMMMMMMMMMMMMMMMMMMMMMMMMMMMMMMMMMMMMMMMMMMMMMMMMMMMMMMMMMMMMMMMMMMMMMMMMMMMMMMMMMMMMMMMMTTTTTTTTTTTTTTTTTTTTTTTTTTTTTTTTMMMMMMMMMMMMMMMMMMMMMMMMMMMMMMMMMMMMMMMMMMMMMMMMMMMMMMMMMMMMMMMMMMMMMMMMMMMMMMMMMMMMMMMMMMMMMMMMMMMMMMMMMMMMMMMMMMMMMMMMMMMMMM
MMMMMMMMMMMMMMMMMMMMMMMMMMMMMMMMMMMMMMMMMMMMMMMMMMMMMMMMMMMMMMMMMMMMMMMMMMMMMMMMMMMMMMMMMMMMMMMMMMMMMMMMMMMMMMMMMMMMMMMMMMMMMMMMMMMMMMMMTTTTTTTTTTTTTTTTTTTTTTTTTTTTTTTTMMMMMMMMMMMMMMMMMMMMMMMMMMMMMMMMMMMMMMMMMMMMMMMMMMMMMMMMMMMMMMMMMMMMMMMMMMMMMMMMMMMMMMMMMMMMMMMMMMMMMMMMMMMMMMMMMMMMMMMMMMMMMM
MMMMMMMMMMMMMMMMMMMMMMMMMMMMMMMMMMMMMMMMMMMMMMMMMMMMMMMMMMMMMMMMMMMMMMMMMMMMMMMMMMMMMMMMMMMMMMMMMMMMMMMMMMMMMMMMMMMMMMMMMMMMMMMMMMMMMMMMTTTTTTTTTTTTTTTTTTTTTTTTTTTTTTTTMMMMMMMMMMMMMMMMMMMMMMMMMMMMMMMMMMMMMMMMMMMMMMMMMMMMMMMMMMMMMMMMMMMMMMMMMMMMMMMMMMMMMMMMMMMMMMMMMMMMMMMMMMMMMMMMMMMMMMMMMMMMMM
MMMMMMMMMMMMMMMMMMMMMMMMMMMMMMMMMMMMMMMMMMMMMMMMMMMMMMMMMMMMMMMMMMMMMMMMMMMMMMMMMMMMMMMMMMMMMMMMMMMMMMMMMMMMMMMMMMMMMMMMMMMMMMMMMMMMMMMMTTTTTTTTTTTTTTTTTTTTTTTTTTTTTTTTMMMMMMMMMMMMMMMMMMMMMMMMMMMMMMMMMMMMMMMMMMMMMMMMMMMMMMMMMMMMMMMMMMMMMMMMMMMMMMMMMMMMMMMMMMMMMMMMMMMMMMMMMMMMMMMMMMMMMMMMMMMMMM
